Archive member included to satisfy reference by file (symbol)

c:/st/stm32cubeide_1.3.0/stm32cubeide/plugins/com.st.stm32cube.ide.mcu.externaltools.gnu-tools-for-stm32.7-2018-q2-update.win32_1.4.0.202007081208/tools/bin/../lib/gcc/arm-none-eabi/7.3.1/../../../../arm-none-eabi/lib/thumb/v7e-m/fpv4-sp/hard\libc_nano.a(lib_a-errno.o)
                              Core/Src/syscalls.o (__errno)
c:/st/stm32cubeide_1.3.0/stm32cubeide/plugins/com.st.stm32cube.ide.mcu.externaltools.gnu-tools-for-stm32.7-2018-q2-update.win32_1.4.0.202007081208/tools/bin/../lib/gcc/arm-none-eabi/7.3.1/../../../../arm-none-eabi/lib/thumb/v7e-m/fpv4-sp/hard\libc_nano.a(lib_a-exit.o)
                              c:/st/stm32cubeide_1.3.0/stm32cubeide/plugins/com.st.stm32cube.ide.mcu.externaltools.gnu-tools-for-stm32.7-2018-q2-update.win32_1.4.0.202007081208/tools/bin/../lib/gcc/arm-none-eabi/7.3.1/../../../../arm-none-eabi/lib/thumb/v7e-m/fpv4-sp/hard/crt0.o (exit)
c:/st/stm32cubeide_1.3.0/stm32cubeide/plugins/com.st.stm32cube.ide.mcu.externaltools.gnu-tools-for-stm32.7-2018-q2-update.win32_1.4.0.202007081208/tools/bin/../lib/gcc/arm-none-eabi/7.3.1/../../../../arm-none-eabi/lib/thumb/v7e-m/fpv4-sp/hard\libc_nano.a(lib_a-impure.o)
                              c:/st/stm32cubeide_1.3.0/stm32cubeide/plugins/com.st.stm32cube.ide.mcu.externaltools.gnu-tools-for-stm32.7-2018-q2-update.win32_1.4.0.202007081208/tools/bin/../lib/gcc/arm-none-eabi/7.3.1/../../../../arm-none-eabi/lib/thumb/v7e-m/fpv4-sp/hard\libc_nano.a(lib_a-exit.o) (_global_impure_ptr)
c:/st/stm32cubeide_1.3.0/stm32cubeide/plugins/com.st.stm32cube.ide.mcu.externaltools.gnu-tools-for-stm32.7-2018-q2-update.win32_1.4.0.202007081208/tools/bin/../lib/gcc/arm-none-eabi/7.3.1/../../../../arm-none-eabi/lib/thumb/v7e-m/fpv4-sp/hard\libc_nano.a(lib_a-init.o)
                              c:/st/stm32cubeide_1.3.0/stm32cubeide/plugins/com.st.stm32cube.ide.mcu.externaltools.gnu-tools-for-stm32.7-2018-q2-update.win32_1.4.0.202007081208/tools/bin/../lib/gcc/arm-none-eabi/7.3.1/../../../../arm-none-eabi/lib/thumb/v7e-m/fpv4-sp/hard/crt0.o (__libc_init_array)
c:/st/stm32cubeide_1.3.0/stm32cubeide/plugins/com.st.stm32cube.ide.mcu.externaltools.gnu-tools-for-stm32.7-2018-q2-update.win32_1.4.0.202007081208/tools/bin/../lib/gcc/arm-none-eabi/7.3.1/../../../../arm-none-eabi/lib/thumb/v7e-m/fpv4-sp/hard\libc_nano.a(lib_a-memcpy-stub.o)
                              Middlewares/Third_Party/FreeRTOS/Source/CMSIS_RTOS_V2/cmsis_os2.o (memcpy)
c:/st/stm32cubeide_1.3.0/stm32cubeide/plugins/com.st.stm32cube.ide.mcu.externaltools.gnu-tools-for-stm32.7-2018-q2-update.win32_1.4.0.202007081208/tools/bin/../lib/gcc/arm-none-eabi/7.3.1/../../../../arm-none-eabi/lib/thumb/v7e-m/fpv4-sp/hard\libc_nano.a(lib_a-memset.o)
                              c:/st/stm32cubeide_1.3.0/stm32cubeide/plugins/com.st.stm32cube.ide.mcu.externaltools.gnu-tools-for-stm32.7-2018-q2-update.win32_1.4.0.202007081208/tools/bin/../lib/gcc/arm-none-eabi/7.3.1/../../../../arm-none-eabi/lib/thumb/v7e-m/fpv4-sp/hard/crt0.o (memset)
c:/st/stm32cubeide_1.3.0/stm32cubeide/plugins/com.st.stm32cube.ide.mcu.externaltools.gnu-tools-for-stm32.7-2018-q2-update.win32_1.4.0.202007081208/tools/bin/../lib/gcc/arm-none-eabi/7.3.1/thumb/v7e-m/fpv4-sp/hard\libgcc.a(_aeabi_uldivmod.o)
                              Drivers/STM32F4xx_HAL_Driver/Src/stm32f4xx_hal_rcc.o (__aeabi_uldivmod)
c:/st/stm32cubeide_1.3.0/stm32cubeide/plugins/com.st.stm32cube.ide.mcu.externaltools.gnu-tools-for-stm32.7-2018-q2-update.win32_1.4.0.202007081208/tools/bin/../lib/gcc/arm-none-eabi/7.3.1/thumb/v7e-m/fpv4-sp/hard\libgcc.a(_udivmoddi4.o)
                              c:/st/stm32cubeide_1.3.0/stm32cubeide/plugins/com.st.stm32cube.ide.mcu.externaltools.gnu-tools-for-stm32.7-2018-q2-update.win32_1.4.0.202007081208/tools/bin/../lib/gcc/arm-none-eabi/7.3.1/thumb/v7e-m/fpv4-sp/hard\libgcc.a(_aeabi_uldivmod.o) (__udivmoddi4)
c:/st/stm32cubeide_1.3.0/stm32cubeide/plugins/com.st.stm32cube.ide.mcu.externaltools.gnu-tools-for-stm32.7-2018-q2-update.win32_1.4.0.202007081208/tools/bin/../lib/gcc/arm-none-eabi/7.3.1/thumb/v7e-m/fpv4-sp/hard\libgcc.a(_dvmd_tls.o)
                              c:/st/stm32cubeide_1.3.0/stm32cubeide/plugins/com.st.stm32cube.ide.mcu.externaltools.gnu-tools-for-stm32.7-2018-q2-update.win32_1.4.0.202007081208/tools/bin/../lib/gcc/arm-none-eabi/7.3.1/thumb/v7e-m/fpv4-sp/hard\libgcc.a(_aeabi_uldivmod.o) (__aeabi_ldiv0)

Allocating common symbols
Common symbol       size              file

hi2c3               0x54              Core/Src/main.o
myTask_UART_TxHandle
                    0x4               Core/Src/main.o
hspi5               0x58              Core/Src/main.o
hcrc                0x8               Core/Src/main.o
uwTick              0x4               Drivers/STM32F4xx_HAL_Driver/Src/stm32f4xx_hal.o
xQueueRegistry      0x40              Middlewares/Third_Party/FreeRTOS/Source/queue.o
[...]
Memory Configuration

Name             Origin             Length             Attributes
CCMRAM           0x0000000010000000 0x0000000000010000 xrw
RAM              0x0000000020000000 0x0000000000030000 xrw
FLASH            0x0000000008000000 0x0000000000200000 xr
*default*        0x0000000000000000 0xffffffffffffffff

Linker script and memory map

LOAD c:/st/stm32cubeide_1.3.0/stm32cubeide/plugins/com.st.stm32cube.ide.mcu.externaltools.gnu-tools-for-stm32.7-2018-q2-update.win32_1.4.0.202007081208/tools/bin/../lib/gcc/arm-none-eabi/7.3.1/thumb/v7e-m/fpv4-sp/hard/crti.o
LOAD c:/st/stm32cubeide_1.3.0/stm32cubeide/plugins/com.st.stm32cube.ide.mcu.externaltools.gnu-tools-for-stm32.7-2018-q2-update.win32_1.4.0.202007081208/tools/bin/../lib/gcc/arm-none-eabi/7.3.1/thumb/v7e-m/fpv4-sp/hard/crtbegin.o
LOAD c:/st/stm32cubeide_1.3.0/stm32cubeide/plugins/com.st.stm32cube.ide.mcu.externaltools.gnu-tools-for-stm32.7-2018-q2-update.win32_1.4.0.202007081208/tools/bin/../lib/gcc/arm-none-eabi/7.3.1/../../../../arm-none-eabi/lib/thumb/v7e-m/fpv4-sp/hard/crt0.o
LOAD Core/Src/freertos.o
LOAD Core/Src/main.o
LOAD Core/Src/stm32f4xx_hal_msp.o
LOAD Core/Src/stm32f4xx_hal_timebase_tim.o
LOAD Core/Src/stm32f4xx_it.o
LOAD Core/Src/syscalls.o
LOAD Core/Src/sysmem.o
LOAD Core/Src/system_stm32f4xx.o
LOAD Core/Startup/startup_stm32f429zitx.o
LOAD Drivers/STM32F4xx_HAL_Driver/Src/stm32f4xx_hal.o
LOAD Drivers/STM32F4xx_HAL_Driver/Src/stm32f4xx_hal_cortex.o
LOAD Drivers/STM32F4xx_HAL_Driver/Src/stm32f4xx_hal_crc.o
LOAD Drivers/STM32F4xx_HAL_Driver/Src/stm32f4xx_hal_dma.o
LOAD Drivers/STM32F4xx_HAL_Driver/Src/stm32f4xx_hal_dma2d.o
LOAD Drivers/STM32F4xx_HAL_Driver/Src/stm32f4xx_hal_dma_ex.o
LOAD Drivers/STM32F4xx_HAL_Driver/Src/stm32f4xx_hal_dsi.o
LOAD Drivers/STM32F4xx_HAL_Driver/Src/stm32f4xx_hal_exti.o
LOAD Drivers/STM32F4xx_HAL_Driver/Src/stm32f4xx_hal_flash.o
LOAD Drivers/STM32F4xx_HAL_Driver/Src/stm32f4xx_hal_flash_ex.o
LOAD Drivers/STM32F4xx_HAL_Driver/Src/stm32f4xx_hal_flash_ramfunc.o
LOAD Drivers/STM32F4xx_HAL_Driver/Src/stm32f4xx_hal_gpio.o
LOAD Drivers/STM32F4xx_HAL_Driver/Src/stm32f4xx_hal_hcd.o
LOAD Drivers/STM32F4xx_HAL_Driver/Src/stm32f4xx_hal_i2c.o
LOAD Drivers/STM32F4xx_HAL_Driver/Src/stm32f4xx_hal_i2c_ex.o
LOAD Drivers/STM32F4xx_HAL_Driver/Src/stm32f4xx_hal_ltdc.o
LOAD Drivers/STM32F4xx_HAL_Driver/Src/stm32f4xx_hal_ltdc_ex.o
LOAD Drivers/STM32F4xx_HAL_Driver/Src/stm32f4xx_hal_pwr.o
LOAD Drivers/STM32F4xx_HAL_Driver/Src/stm32f4xx_hal_pwr_ex.o
LOAD Drivers/STM32F4xx_HAL_Driver/Src/stm32f4xx_hal_rcc.o
LOAD Drivers/STM32F4xx_HAL_Driver/Src/stm32f4xx_hal_rcc_ex.o
LOAD Drivers/STM32F4xx_HAL_Driver/Src/stm32f4xx_hal_sdram.o
LOAD Drivers/STM32F4xx_HAL_Driver/Src/stm32f4xx_hal_spi.o
LOAD Drivers/STM32F4xx_HAL_Driver/Src/stm32f4xx_hal_tim.o
LOAD Drivers/STM32F4xx_HAL_Driver/Src/stm32f4xx_hal_tim_ex.o
LOAD Drivers/STM32F4xx_HAL_Driver/Src/stm32f4xx_hal_uart.o
LOAD Drivers/STM32F4xx_HAL_Driver/Src/stm32f4xx_ll_fmc.o
LOAD Drivers/STM32F4xx_HAL_Driver/Src/stm32f4xx_ll_usb.o
LOAD Middlewares/Third_Party/FreeRTOS/Source/CMSIS_RTOS_V2/cmsis_os2.o
LOAD Middlewares/Third_Party/FreeRTOS/Source/croutine.o
LOAD Middlewares/Third_Party/FreeRTOS/Source/event_groups.o
LOAD Middlewares/Third_Party/FreeRTOS/Source/list.o
LOAD Middlewares/Third_Party/FreeRTOS/Source/queue.o
LOAD Middlewares/Third_Party/FreeRTOS/Source/stream_buffer.o
LOAD Middlewares/Third_Party/FreeRTOS/Source/tasks.o
LOAD Middlewares/Third_Party/FreeRTOS/Source/timers.o
LOAD Middlewares/Third_Party/FreeRTOS/Source/portable/GCC/ARM_CM4F/port.o
LOAD Middlewares/Third_Party/FreeRTOS/Source/portable/MemMang/heap_4.o
START GROUP
LOAD c:/st/stm32cubeide_1.3.0/stm32cubeide/plugins/com.st.stm32cube.ide.mcu.externaltools.gnu-tools-for-stm32.7-2018-q2-update.win32_1.4.0.202007081208/tools/bin/../lib/gcc/arm-none-eabi/7.3.1/../../../../arm-none-eabi/lib/thumb/v7e-m/fpv4-sp/hard\libc_nano.a
LOAD c:/st/stm32cubeide_1.3.0/stm32cubeide/plugins/com.st.stm32cube.ide.mcu.externaltools.gnu-tools-for-stm32.7-2018-q2-update.win32_1.4.0.202007081208/tools/bin/../lib/gcc/arm-none-eabi/7.3.1/../../../../arm-none-eabi/lib/thumb/v7e-m/fpv4-sp/hard\libm.a
END GROUP
START GROUP
LOAD c:/st/stm32cubeide_1.3.0/stm32cubeide/plugins/com.st.stm32cube.ide.mcu.externaltools.gnu-tools-for-stm32.7-2018-q2-update.win32_1.4.0.202007081208/tools/bin/../lib/gcc/arm-none-eabi/7.3.1/thumb/v7e-m/fpv4-sp/hard\libgcc.a
LOAD c:/st/stm32cubeide_1.3.0/stm32cubeide/plugins/com.st.stm32cube.ide.mcu.externaltools.gnu-tools-for-stm32.7-2018-q2-update.win32_1.4.0.202007081208/tools/bin/../lib/gcc/arm-none-eabi/7.3.1/../../../../arm-none-eabi/lib/thumb/v7e-m/fpv4-sp/hard\libc_nano.a
END GROUP
START GROUP
LOAD c:/st/stm32cubeide_1.3.0/stm32cubeide/plugins/com.st.stm32cube.ide.mcu.externaltools.gnu-tools-for-stm32.7-2018-q2-update.win32_1.4.0.202007081208/tools/bin/../lib/gcc/arm-none-eabi/7.3.1/thumb/v7e-m/fpv4-sp/hard\libgcc.a
LOAD c:/st/stm32cubeide_1.3.0/stm32cubeide/plugins/com.st.stm32cube.ide.mcu.externaltools.gnu-tools-for-stm32.7-2018-q2-update.win32_1.4.0.202007081208/tools/bin/../lib/gcc/arm-none-eabi/7.3.1/../../../../arm-none-eabi/lib/thumb/v7e-m/fpv4-sp/hard\libc_nano.a
LOAD c:/st/stm32cubeide_1.3.0/stm32cubeide/plugins/com.st.stm32cube.ide.mcu.externaltools.gnu-tools-for-stm32.7-2018-q2-update.win32_1.4.0.202007081208/tools/bin/../lib/gcc/arm-none-eabi/7.3.1/../../../../arm-none-eabi/lib/thumb/v7e-m/fpv4-sp/hard\libnosys.a
END GROUP
START GROUP
LOAD c:/st/stm32cubeide_1.3.0/stm32cubeide/plugins/com.st.stm32cube.ide.mcu.externaltools.gnu-tools-for-stm32.7-2018-q2-update.win32_1.4.0.202007081208/tools/bin/../lib/gcc/arm-none-eabi/7.3.1/thumb/v7e-m/fpv4-sp/hard\libgcc.a
LOAD c:/st/stm32cubeide_1.3.0/stm32cubeide/plugins/com.st.stm32cube.ide.mcu.externaltools.gnu-tools-for-stm32.7-2018-q2-update.win32_1.4.0.202007081208/tools/bin/../lib/gcc/arm-none-eabi/7.3.1/../../../../arm-none-eabi/lib/thumb/v7e-m/fpv4-sp/hard\libc_nano.a
LOAD c:/st/stm32cubeide_1.3.0/stm32cubeide/plugins/com.st.stm32cube.ide.mcu.externaltools.gnu-tools-for-stm32.7-2018-q2-update.win32_1.4.0.202007081208/tools/bin/../lib/gcc/arm-none-eabi/7.3.1/../../../../arm-none-eabi/lib/thumb/v7e-m/fpv4-sp/hard\libnosys.a
END GROUP
LOAD c:/st/stm32cubeide_1.3.0/stm32cubeide/plugins/com.st.stm32cube.ide.mcu.externaltools.gnu-tools-for-stm32.7-2018-q2-update.win32_1.4.0.202007081208/tools/bin/../lib/gcc/arm-none-eabi/7.3.1/thumb/v7e-m/fpv4-sp/hard/crtend.o
LOAD c:/st/stm32cubeide_1.3.0/stm32cubeide/plugins/com.st.stm32cube.ide.mcu.externaltools.gnu-tools-for-stm32.7-2018-q2-update.win32_1.4.0.202007081208/tools/bin/../lib/gcc/arm-none-eabi/7.3.1/thumb/v7e-m/fpv4-sp/hard/crtn.o
                0x0000000020030000                _estack = (ORIGIN (RAM) + LENGTH (RAM))
                0x0000000000000200                _Min_Heap_Size = 0x200
                0x0000000000000400                _Min_Stack_Size = 0x400

.isr_vector     0x0000000008000000      0x1ac
                0x0000000008000000                . = ALIGN (0x4)
 *(.isr_vector)
 .isr_vector    0x0000000008000000      0x1ac Core/Startup/startup_stm32f429zitx.o
                0x0000000008000000                g_pfnVectors
                0x00000000080001ac                . = ALIGN (0x4)

.text           0x00000000080001b0     0x939c
                0x00000000080001b0                . = ALIGN (0x4)
 *(.text)
 .text          0x00000000080001b0       0x40 c:/st/stm32cubeide_1.3.0/stm32cubeide/plugins/com.st.stm32cube.ide.mcu.externaltools.gnu-tools-for-stm32.7-2018-q2-update.win32_1.4.0.202007081208/tools/bin/../lib/gcc/arm-none-eabi/7.3.1/thumb/v7e-m/fpv4-sp/hard/crtbegin.o
 .text          0x00000000080001f0       0x30 c:/st/stm32cubeide_1.3.0/stm32cubeide/plugins/com.st.stm32cube.ide.mcu.externaltools.gnu-tools-for-stm32.7-2018-q2-update.win32_1.4.0.202007081208/tools/bin/../lib/gcc/arm-none-eabi/7.3.1/thumb/v7e-m/fpv4-sp/hard\libgcc.a(_aeabi_uldivmod.o)
                0x00000000080001f0                __aeabi_uldivmod
 .text          0x0000000008000220      0x2cc c:/st/stm32cubeide_1.3.0/stm32cubeide/plugins/com.st.stm32cube.ide.mcu.externaltools.gnu-tools-for-stm32.7-2018-q2-update.win32_1.4.0.202007081208/tools/bin/../lib/gcc/arm-none-eabi/7.3.1/thumb/v7e-m/fpv4-sp/hard\libgcc.a(_udivmoddi4.o)
                0x0000000008000220                __udivmoddi4
 .text          0x00000000080004ec        0x4 c:/st/stm32cubeide_1.3.0/stm32cubeide/plugins/com.st.stm32cube.ide.mcu.externaltools.gnu-tools-for-stm32.7-2018-q2-update.win32_1.4.0.202007081208/tools/bin/../lib/gcc/arm-none-eabi/7.3.1/thumb/v7e-m/fpv4-sp/hard\libgcc.a(_dvmd_tls.o)
                0x00000000080004ec                __aeabi_idiv0
                0x00000000080004ec                __aeabi_ldiv0
 *(.text*)
 .text.vApplicationIdleHook
                0x00000000080004f0        0xe Core/Src/freertos.o
                0x00000000080004f0                vApplicationIdleHook
 .text.vApplicationStackOverflowHook
                0x00000000080004fe       0x16 Core/Src/freertos.o
                0x00000000080004fe                vApplicationStackOverflowHook
 .text.vApplicationMallocFailedHook
                0x0000000008000514        0xe Core/Src/freertos.o
                0x0000000008000514                vApplicationMallocFailedHook
 *fill*         0x0000000008000522        0x2 
 .text.main     0x0000000008000524       0x7c Core/Src/main.o
                0x0000000008000524                main
 .text.SystemClock_Config
                0x00000000080005a0      0x108 Core/Src/main.o
                0x00000000080005a0                SystemClock_Config
 .text.MX_CRC_Init
                0x00000000080006a8       0x28 Core/Src/main.o
 .text.MX_DMA2D_Init
                0x00000000080006d0       0x64 Core/Src/main.o
 .text.MX_I2C3_Init
                0x0000000008000734       0x80 Core/Src/main.o
 .text.MX_LTDC_Init
                0x00000000080007b4      0x168 Core/Src/main.o
 .text.MX_SPI5_Init
                0x000000000800091c       0x6c Core/Src/main.o
 .text.MX_TIM1_Init
                0x0000000008000988       0xa0 Core/Src/main.o
 .text.MX_UART5_Init
                0x0000000008000a28       0x54 Core/Src/main.o
 .text.MX_USART1_UART_Init
                0x0000000008000a7c       0x54 Core/Src/main.o
 .text.MX_USB_OTG_HS_HCD_Init
                0x0000000008000ad0       0x58 Core/Src/main.o
 .text.MX_FMC_Init
                0x0000000008000b28       0xa0 Core/Src/main.o
 .text.MX_GPIO_Init
                0x0000000008000bc8      0x220 Core/Src/main.o
 .text.StartDefaultTask_LED
                0x0000000008000de8       0x20 Core/Src/main.o
                0x0000000008000de8                StartDefaultTask_LED
 .text.StartTask_UART_Tx
                0x0000000008000e08       0x28 Core/Src/main.o
                0x0000000008000e08                StartTask_UART_Tx
 .text.HAL_TIM_PeriodElapsedCallback
                0x0000000008000e30       0x24 Core/Src/main.o
                0x0000000008000e30                HAL_TIM_PeriodElapsedCallback
 .text.Error_Handler
                0x0000000008000e54       0x18 Core/Src/main.o
                0x0000000008000e54                Error_Handler
 .text.HAL_MspInit
                0x0000000008000e6c       0x58 Core/Src/stm32f4xx_hal_msp.o
                0x0000000008000e6c                HAL_MspInit
 .text.HAL_CRC_MspInit
                0x0000000008000ec4       0x44 Core/Src/stm32f4xx_hal_msp.o
                0x0000000008000ec4                HAL_CRC_MspInit
 .text.HAL_DMA2D_MspInit
                0x0000000008000f08       0x50 Core/Src/stm32f4xx_hal_msp.o
                0x0000000008000f08                HAL_DMA2D_MspInit
 .text.HAL_I2C_MspInit
                0x0000000008000f58       0xd4 Core/Src/stm32f4xx_hal_msp.o
                0x0000000008000f58                HAL_I2C_MspInit
 .text.HAL_LTDC_MspInit
                0x000000000800102c      0x22c Core/Src/stm32f4xx_hal_msp.o
                0x000000000800102c                HAL_LTDC_MspInit
 .text.HAL_SPI_MspInit
                0x0000000008001258       0x90 Core/Src/stm32f4xx_hal_msp.o
                0x0000000008001258                HAL_SPI_MspInit
 .text.HAL_TIM_Base_MspInit
                0x00000000080012e8       0x44 Core/Src/stm32f4xx_hal_msp.o
                0x00000000080012e8                HAL_TIM_Base_MspInit
 .text.HAL_UART_MspInit
                0x000000000800132c      0x140 Core/Src/stm32f4xx_hal_msp.o
                0x000000000800132c                HAL_UART_MspInit
 .text.HAL_HCD_MspInit
                0x000000000800146c       0xbc Core/Src/stm32f4xx_hal_msp.o
                0x000000000800146c                HAL_HCD_MspInit
 .text.HAL_FMC_MspInit
                0x0000000008001528      0x124 Core/Src/stm32f4xx_hal_msp.o
 .text.HAL_SDRAM_MspInit
                0x000000000800164c       0x14 Core/Src/stm32f4xx_hal_msp.o
                0x000000000800164c                HAL_SDRAM_MspInit
 .text.HAL_InitTick
                0x0000000008001660       0xb4 Core/Src/stm32f4xx_hal_timebase_tim.o
                0x0000000008001660                HAL_InitTick
 .text.NMI_Handler
                0x0000000008001714        0xe Core/Src/stm32f4xx_it.o
                0x0000000008001714                NMI_Handler
 .text.HardFault_Handler
                0x0000000008001722        0x6 Core/Src/stm32f4xx_it.o
                0x0000000008001722                HardFault_Handler
 .text.MemManage_Handler
                0x0000000008001728        0x6 Core/Src/stm32f4xx_it.o
                0x0000000008001728                MemManage_Handler
 .text.BusFault_Handler
                0x000000000800172e        0x6 Core/Src/stm32f4xx_it.o
                0x000000000800172e                BusFault_Handler
 .text.UsageFault_Handler
                0x0000000008001734        0x6 Core/Src/stm32f4xx_it.o
                0x0000000008001734                UsageFault_Handler
 .text.DebugMon_Handler
                0x000000000800173a        0xe Core/Src/stm32f4xx_it.o
                0x000000000800173a                DebugMon_Handler
 .text.TIM6_DAC_IRQHandler
                0x0000000008001748       0x14 Core/Src/stm32f4xx_it.o
                0x0000000008001748                TIM6_DAC_IRQHandler
 .text.OTG_HS_IRQHandler
                0x000000000800175c       0x14 Core/Src/stm32f4xx_it.o
                0x000000000800175c                OTG_HS_IRQHandler
 .text.LTDC_IRQHandler
                0x0000000008001770       0x14 Core/Src/stm32f4xx_it.o
                0x0000000008001770                LTDC_IRQHandler
 .text.DMA2D_IRQHandler
                0x0000000008001784       0x14 Core/Src/stm32f4xx_it.o
                0x0000000008001784                DMA2D_IRQHandler
 .text.SystemInit
                0x0000000008001798       0x2c Core/Src/system_stm32f4xx.o
                0x0000000008001798                SystemInit
 .text.Reset_Handler
                0x00000000080017c4       0x50 Core/Startup/startup_stm32f429zitx.o
                0x00000000080017c4                Reset_Handler
 .text.Default_Handler
                0x0000000008001814        0x2 Core/Startup/startup_stm32f429zitx.o
                0x0000000008001814                RTC_Alarm_IRQHandler
                0x0000000008001814                HASH_RNG_IRQHandler
                0x0000000008001814                EXTI2_IRQHandler
                0x0000000008001814                TIM8_CC_IRQHandler
                0x0000000008001814                UART8_IRQHandler
                0x0000000008001814                SPI4_IRQHandler
                0x0000000008001814                TIM1_CC_IRQHandler
                0x0000000008001814                DMA2_Stream5_IRQHandler
                0x0000000008001814                DMA1_Stream5_IRQHandler
                0x0000000008001814                PVD_IRQHandler
                0x0000000008001814                SDIO_IRQHandler
                0x0000000008001814                TAMP_STAMP_IRQHandler
                0x0000000008001814                CAN2_RX1_IRQHandler
                0x0000000008001814                EXTI3_IRQHandler
                0x0000000008001814                TIM8_TRG_COM_TIM14_IRQHandler
                0x0000000008001814                TIM1_UP_TIM10_IRQHandler
                0x0000000008001814                TIM8_UP_TIM13_IRQHandler
                0x0000000008001814                I2C3_ER_IRQHandler
                0x0000000008001814                EXTI0_IRQHandler
                0x0000000008001814                I2C2_EV_IRQHandler
                0x0000000008001814                DMA1_Stream2_IRQHandler
                0x0000000008001814                CAN1_RX0_IRQHandler
                0x0000000008001814                FPU_IRQHandler
                0x0000000008001814                OTG_HS_WKUP_IRQHandler
                0x0000000008001814                LTDC_ER_IRQHandler
                0x0000000008001814                CAN2_SCE_IRQHandler
                0x0000000008001814                DMA2_Stream2_IRQHandler
                0x0000000008001814                SPI1_IRQHandler
                0x0000000008001814                TIM1_BRK_TIM9_IRQHandler
                0x0000000008001814                DCMI_IRQHandler
                0x0000000008001814                CAN2_RX0_IRQHandler
                0x0000000008001814                DMA2_Stream3_IRQHandler
                0x0000000008001814                USART6_IRQHandler
                0x0000000008001814                USART3_IRQHandler
                0x0000000008001814                CAN1_RX1_IRQHandler
                0x0000000008001814                UART5_IRQHandler
                0x0000000008001814                DMA2_Stream0_IRQHandler
                0x0000000008001814                TIM4_IRQHandler
                0x0000000008001814                I2C1_EV_IRQHandler
                0x0000000008001814                DMA1_Stream6_IRQHandler
                0x0000000008001814                DMA1_Stream1_IRQHandler
                0x0000000008001814                UART4_IRQHandler
                0x0000000008001814                TIM3_IRQHandler
                0x0000000008001814                RCC_IRQHandler
                0x0000000008001814                TIM8_BRK_TIM12_IRQHandler
                0x0000000008001814                Default_Handler
                0x0000000008001814                EXTI15_10_IRQHandler
                0x0000000008001814                ADC_IRQHandler
                0x0000000008001814                DMA1_Stream7_IRQHandler
                0x0000000008001814                SPI5_IRQHandler
                0x0000000008001814                TIM7_IRQHandler
                0x0000000008001814                CAN2_TX_IRQHandler
                0x0000000008001814                TIM5_IRQHandler
                0x0000000008001814                DMA2_Stream7_IRQHandler
                0x0000000008001814                I2C3_EV_IRQHandler
                0x0000000008001814                EXTI9_5_IRQHandler
                0x0000000008001814                RTC_WKUP_IRQHandler
                0x0000000008001814                ETH_WKUP_IRQHandler
                0x0000000008001814                SPI2_IRQHandler
                0x0000000008001814                OTG_HS_EP1_IN_IRQHandler
                0x0000000008001814                DMA1_Stream0_IRQHandler
                0x0000000008001814                CAN1_TX_IRQHandler
                0x0000000008001814                EXTI4_IRQHandler
                0x0000000008001814                ETH_IRQHandler
                0x0000000008001814                OTG_HS_EP1_OUT_IRQHandler
                0x0000000008001814                WWDG_IRQHandler
                0x0000000008001814                SPI6_IRQHandler
                0x0000000008001814                TIM2_IRQHandler
                0x0000000008001814                OTG_FS_WKUP_IRQHandler
                0x0000000008001814                TIM1_TRG_COM_TIM11_IRQHandler
                0x0000000008001814                EXTI1_IRQHandler
                0x0000000008001814                UART7_IRQHandler
                0x0000000008001814                USART2_IRQHandler
                0x0000000008001814                I2C2_ER_IRQHandler
                0x0000000008001814                DMA2_Stream1_IRQHandler
                0x0000000008001814                CAN1_SCE_IRQHandler
                0x0000000008001814                FLASH_IRQHandler
                0x0000000008001814                DMA2_Stream4_IRQHandler
                0x0000000008001814                USART1_IRQHandler
                0x0000000008001814                OTG_FS_IRQHandler
                0x0000000008001814                SPI3_IRQHandler
                0x0000000008001814                DMA1_Stream4_IRQHandler
                0x0000000008001814                I2C1_ER_IRQHandler
                0x0000000008001814                FMC_IRQHandler
                0x0000000008001814                DMA2_Stream6_IRQHandler
                0x0000000008001814                SAI1_IRQHandler
                0x0000000008001814                DMA1_Stream3_IRQHandler
 *fill*         0x0000000008001816        0x2 
 .text.HAL_Init
                0x0000000008001818       0x44 Drivers/STM32F4xx_HAL_Driver/Src/stm32f4xx_hal.o
                0x0000000008001818                HAL_Init
 .text.HAL_IncTick
                0x000000000800185c       0x28 Drivers/STM32F4xx_HAL_Driver/Src/stm32f4xx_hal.o
                0x000000000800185c                HAL_IncTick
 .text.HAL_GetTick
                0x0000000008001884       0x18 Drivers/STM32F4xx_HAL_Driver/Src/stm32f4xx_hal.o
                0x0000000008001884                HAL_GetTick
 .text.HAL_Delay
                0x000000000800189c       0x44 Drivers/STM32F4xx_HAL_Driver/Src/stm32f4xx_hal.o
                0x000000000800189c                HAL_Delay
 .text.__NVIC_SetPriorityGrouping
                0x00000000080018e0       0x48 Drivers/STM32F4xx_HAL_Driver/Src/stm32f4xx_hal_cortex.o
 .text.__NVIC_GetPriorityGrouping
                0x0000000008001928       0x1c Drivers/STM32F4xx_HAL_Driver/Src/stm32f4xx_hal_cortex.o
 .text.__NVIC_EnableIRQ
                0x0000000008001944       0x3c Drivers/STM32F4xx_HAL_Driver/Src/stm32f4xx_hal_cortex.o
 .text.__NVIC_SetPriority
                0x0000000008001980       0x54 Drivers/STM32F4xx_HAL_Driver/Src/stm32f4xx_hal_cortex.o
 .text.NVIC_EncodePriority
                0x00000000080019d4       0x66 Drivers/STM32F4xx_HAL_Driver/Src/stm32f4xx_hal_cortex.o
 .text.HAL_NVIC_SetPriorityGrouping
                0x0000000008001a3a       0x16 Drivers/STM32F4xx_HAL_Driver/Src/stm32f4xx_hal_cortex.o
                0x0000000008001a3a                HAL_NVIC_SetPriorityGrouping
 .text.HAL_NVIC_SetPriority
                0x0000000008001a50       0x38 Drivers/STM32F4xx_HAL_Driver/Src/stm32f4xx_hal_cortex.o
                0x0000000008001a50                HAL_NVIC_SetPriority
 .text.HAL_NVIC_EnableIRQ
                0x0000000008001a88       0x1c Drivers/STM32F4xx_HAL_Driver/Src/stm32f4xx_hal_cortex.o
                0x0000000008001a88                HAL_NVIC_EnableIRQ
 .text.HAL_CRC_Init
                0x0000000008001aa4       0x38 Drivers/STM32F4xx_HAL_Driver/Src/stm32f4xx_hal_crc.o
                0x0000000008001aa4                HAL_CRC_Init
 .text.HAL_DMA2D_Init
                0x0000000008001adc       0x92 Drivers/STM32F4xx_HAL_Driver/Src/stm32f4xx_hal_dma2d.o
                0x0000000008001adc                HAL_DMA2D_Init
 .text.HAL_DMA2D_IRQHandler
                0x0000000008001b6e      0x1f8 Drivers/STM32F4xx_HAL_Driver/Src/stm32f4xx_hal_dma2d.o
                0x0000000008001b6e                HAL_DMA2D_IRQHandler
 .text.HAL_DMA2D_LineEventCallback
                0x0000000008001d66       0x14 Drivers/STM32F4xx_HAL_Driver/Src/stm32f4xx_hal_dma2d.o
                0x0000000008001d66                HAL_DMA2D_LineEventCallback
 .text.HAL_DMA2D_CLUTLoadingCpltCallback
                0x0000000008001d7a       0x14 Drivers/STM32F4xx_HAL_Driver/Src/stm32f4xx_hal_dma2d.o
                0x0000000008001d7a                HAL_DMA2D_CLUTLoadingCpltCallback
 *fill*         0x0000000008001d8e        0x2 
 .text.HAL_DMA2D_ConfigLayer
                0x0000000008001d90      0x124 Drivers/STM32F4xx_HAL_Driver/Src/stm32f4xx_hal_dma2d.o
                0x0000000008001d90                HAL_DMA2D_ConfigLayer
 .text.HAL_GPIO_Init
                0x0000000008001eb4      0x354 Drivers/STM32F4xx_HAL_Driver/Src/stm32f4xx_hal_gpio.o
                0x0000000008001eb4                HAL_GPIO_Init
 .text.HAL_GPIO_WritePin
                0x0000000008002208       0x32 Drivers/STM32F4xx_HAL_Driver/Src/stm32f4xx_hal_gpio.o
                0x0000000008002208                HAL_GPIO_WritePin
 .text.HAL_GPIO_TogglePin
                0x000000000800223a       0x36 Drivers/STM32F4xx_HAL_Driver/Src/stm32f4xx_hal_gpio.o
                0x000000000800223a                HAL_GPIO_TogglePin
 .text.HAL_HCD_Init
                0x0000000008002270       0xc4 Drivers/STM32F4xx_HAL_Driver/Src/stm32f4xx_hal_hcd.o
                0x0000000008002270                HAL_HCD_Init
 .text.HAL_HCD_IRQHandler
                0x0000000008002334      0x208 Drivers/STM32F4xx_HAL_Driver/Src/stm32f4xx_hal_hcd.o
                0x0000000008002334                HAL_HCD_IRQHandler
 .text.HAL_HCD_SOF_Callback
                0x000000000800253c       0x14 Drivers/STM32F4xx_HAL_Driver/Src/stm32f4xx_hal_hcd.o
                0x000000000800253c                HAL_HCD_SOF_Callback
 .text.HAL_HCD_Connect_Callback
                0x0000000008002550       0x14 Drivers/STM32F4xx_HAL_Driver/Src/stm32f4xx_hal_hcd.o
                0x0000000008002550                HAL_HCD_Connect_Callback
 .text.HAL_HCD_Disconnect_Callback
                0x0000000008002564       0x14 Drivers/STM32F4xx_HAL_Driver/Src/stm32f4xx_hal_hcd.o
                0x0000000008002564                HAL_HCD_Disconnect_Callback
 .text.HAL_HCD_PortEnabled_Callback
                0x0000000008002578       0x14 Drivers/STM32F4xx_HAL_Driver/Src/stm32f4xx_hal_hcd.o
                0x0000000008002578                HAL_HCD_PortEnabled_Callback
 .text.HAL_HCD_PortDisabled_Callback
                0x000000000800258c       0x14 Drivers/STM32F4xx_HAL_Driver/Src/stm32f4xx_hal_hcd.o
                0x000000000800258c                HAL_HCD_PortDisabled_Callback
 .text.HAL_HCD_HC_NotifyURBChange_Callback
                0x00000000080025a0       0x1c Drivers/STM32F4xx_HAL_Driver/Src/stm32f4xx_hal_hcd.o
                0x00000000080025a0                HAL_HCD_HC_NotifyURBChange_Callback
 .text.HCD_HC_IN_IRQHandler
                0x00000000080025bc      0x86a Drivers/STM32F4xx_HAL_Driver/Src/stm32f4xx_hal_hcd.o
 .text.HCD_HC_OUT_IRQHandler
                0x0000000008002e26      0x6ea Drivers/STM32F4xx_HAL_Driver/Src/stm32f4xx_hal_hcd.o
 .text.HCD_RXQLVL_IRQHandler
                0x0000000008003510      0x158 Drivers/STM32F4xx_HAL_Driver/Src/stm32f4xx_hal_hcd.o
 .text.HCD_Port_IRQHandler
                0x0000000008003668       0xe6 Drivers/STM32F4xx_HAL_Driver/Src/stm32f4xx_hal_hcd.o
 *fill*         0x000000000800374e        0x2 
 .text.HAL_I2C_Init
                0x0000000008003750      0x270 Drivers/STM32F4xx_HAL_Driver/Src/stm32f4xx_hal_i2c.o
                0x0000000008003750                HAL_I2C_Init
 .text.HAL_I2CEx_ConfigAnalogFilter
                0x00000000080039c0       0x78 Drivers/STM32F4xx_HAL_Driver/Src/stm32f4xx_hal_i2c_ex.o
                0x00000000080039c0                HAL_I2CEx_ConfigAnalogFilter
 .text.HAL_I2CEx_ConfigDigitalFilter
                0x0000000008003a38       0x7e Drivers/STM32F4xx_HAL_Driver/Src/stm32f4xx_hal_i2c_ex.o
                0x0000000008003a38                HAL_I2CEx_ConfigDigitalFilter
 *fill*         0x0000000008003ab6        0x2 
 .text.HAL_LTDC_Init
                0x0000000008003ab8      0x1a0 Drivers/STM32F4xx_HAL_Driver/Src/stm32f4xx_hal_ltdc.o
                0x0000000008003ab8                HAL_LTDC_Init
 .text.HAL_LTDC_IRQHandler
                0x0000000008003c58      0x148 Drivers/STM32F4xx_HAL_Driver/Src/stm32f4xx_hal_ltdc.o
                0x0000000008003c58                HAL_LTDC_IRQHandler
 .text.HAL_LTDC_ErrorCallback
                0x0000000008003da0       0x14 Drivers/STM32F4xx_HAL_Driver/Src/stm32f4xx_hal_ltdc.o
                0x0000000008003da0                HAL_LTDC_ErrorCallback
 .text.HAL_LTDC_LineEventCallback
                0x0000000008003db4       0x14 Drivers/STM32F4xx_HAL_Driver/Src/stm32f4xx_hal_ltdc.o
                0x0000000008003db4                HAL_LTDC_LineEventCallback
 .text.HAL_LTDC_ReloadEventCallback
                0x0000000008003dc8       0x14 Drivers/STM32F4xx_HAL_Driver/Src/stm32f4xx_hal_ltdc.o
                0x0000000008003dc8                HAL_LTDC_ReloadEventCallback
 .text.HAL_LTDC_ConfigLayer
                0x0000000008003ddc       0x7c Drivers/STM32F4xx_HAL_Driver/Src/stm32f4xx_hal_ltdc.o
                0x0000000008003ddc                HAL_LTDC_ConfigLayer
 .text.LTDC_SetConfig
                0x0000000008003e58      0x32e Drivers/STM32F4xx_HAL_Driver/Src/stm32f4xx_hal_ltdc.o
 *fill*         0x0000000008004186        0x2 
 .text.HAL_RCC_OscConfig
                0x0000000008004188      0x4e0 Drivers/STM32F4xx_HAL_Driver/Src/stm32f4xx_hal_rcc.o
                0x0000000008004188                HAL_RCC_OscConfig
 .text.HAL_RCC_ClockConfig
                0x0000000008004668      0x1cc Drivers/STM32F4xx_HAL_Driver/Src/stm32f4xx_hal_rcc.o
                0x0000000008004668                HAL_RCC_ClockConfig
 .text.HAL_RCC_GetSysClockFreq
                0x0000000008004834      0x1b0 Drivers/STM32F4xx_HAL_Driver/Src/stm32f4xx_hal_rcc.o
                0x0000000008004834                HAL_RCC_GetSysClockFreq
 .text.HAL_RCC_GetHCLKFreq
                0x00000000080049e4       0x18 Drivers/STM32F4xx_HAL_Driver/Src/stm32f4xx_hal_rcc.o
                0x00000000080049e4                HAL_RCC_GetHCLKFreq
 .text.HAL_RCC_GetPCLK1Freq
                0x00000000080049fc       0x28 Drivers/STM32F4xx_HAL_Driver/Src/stm32f4xx_hal_rcc.o
                0x00000000080049fc                HAL_RCC_GetPCLK1Freq
 .text.HAL_RCC_GetPCLK2Freq
                0x0000000008004a24       0x28 Drivers/STM32F4xx_HAL_Driver/Src/stm32f4xx_hal_rcc.o
                0x0000000008004a24                HAL_RCC_GetPCLK2Freq
 .text.HAL_RCC_GetClockConfig
                0x0000000008004a4c       0x64 Drivers/STM32F4xx_HAL_Driver/Src/stm32f4xx_hal_rcc.o
                0x0000000008004a4c                HAL_RCC_GetClockConfig
 .text.HAL_RCCEx_PeriphCLKConfig
                0x0000000008004ab0      0x37c Drivers/STM32F4xx_HAL_Driver/Src/stm32f4xx_hal_rcc_ex.o
                0x0000000008004ab0                HAL_RCCEx_PeriphCLKConfig
 .text.HAL_SDRAM_Init
                0x0000000008004e2c       0x68 Drivers/STM32F4xx_HAL_Driver/Src/stm32f4xx_hal_sdram.o
                0x0000000008004e2c                HAL_SDRAM_Init
 .text.HAL_SPI_Init
                0x0000000008004e94       0xc8 Drivers/STM32F4xx_HAL_Driver/Src/stm32f4xx_hal_spi.o
                0x0000000008004e94                HAL_SPI_Init
 .text.HAL_TIM_Base_Init
                0x0000000008004f5c       0x56 Drivers/STM32F4xx_HAL_Driver/Src/stm32f4xx_hal_tim.o
                0x0000000008004f5c                HAL_TIM_Base_Init
 .text.HAL_TIM_Base_Start_IT
                0x0000000008004fb2       0x48 Drivers/STM32F4xx_HAL_Driver/Src/stm32f4xx_hal_tim.o
                0x0000000008004fb2                HAL_TIM_Base_Start_IT
 .text.HAL_TIM_IRQHandler
                0x0000000008004ffa      0x210 Drivers/STM32F4xx_HAL_Driver/Src/stm32f4xx_hal_tim.o
                0x0000000008004ffa                HAL_TIM_IRQHandler
 .text.HAL_TIM_ConfigClockSource
                0x000000000800520a      0x16e Drivers/STM32F4xx_HAL_Driver/Src/stm32f4xx_hal_tim.o
                0x000000000800520a                HAL_TIM_ConfigClockSource
 .text.HAL_TIM_OC_DelayElapsedCallback
                0x0000000008005378       0x14 Drivers/STM32F4xx_HAL_Driver/Src/stm32f4xx_hal_tim.o
                0x0000000008005378                HAL_TIM_OC_DelayElapsedCallback
 .text.HAL_TIM_IC_CaptureCallback
                0x000000000800538c       0x14 Drivers/STM32F4xx_HAL_Driver/Src/stm32f4xx_hal_tim.o
                0x000000000800538c                HAL_TIM_IC_CaptureCallback
 .text.HAL_TIM_PWM_PulseFinishedCallback
                0x00000000080053a0       0x14 Drivers/STM32F4xx_HAL_Driver/Src/stm32f4xx_hal_tim.o
                0x00000000080053a0                HAL_TIM_PWM_PulseFinishedCallback
 .text.HAL_TIM_TriggerCallback
                0x00000000080053b4       0x14 Drivers/STM32F4xx_HAL_Driver/Src/stm32f4xx_hal_tim.o
                0x00000000080053b4                HAL_TIM_TriggerCallback
 .text.TIM_Base_SetConfig
                0x00000000080053c8      0x140 Drivers/STM32F4xx_HAL_Driver/Src/stm32f4xx_hal_tim.o
                0x00000000080053c8                TIM_Base_SetConfig
 .text.TIM_TI1_ConfigInputStage
                0x0000000008005508       0x5e Drivers/STM32F4xx_HAL_Driver/Src/stm32f4xx_hal_tim.o
 .text.TIM_TI2_ConfigInputStage
                0x0000000008005566       0x60 Drivers/STM32F4xx_HAL_Driver/Src/stm32f4xx_hal_tim.o
 .text.TIM_ITRx_SetConfig
                0x00000000080055c6       0x36 Drivers/STM32F4xx_HAL_Driver/Src/stm32f4xx_hal_tim.o
 .text.TIM_ETR_SetConfig
                0x00000000080055fc       0x40 Drivers/STM32F4xx_HAL_Driver/Src/stm32f4xx_hal_tim.o
                0x00000000080055fc                TIM_ETR_SetConfig
 .text.HAL_TIMEx_MasterConfigSynchronization
                0x000000000800563c       0xf8 Drivers/STM32F4xx_HAL_Driver/Src/stm32f4xx_hal_tim_ex.o
                0x000000000800563c                HAL_TIMEx_MasterConfigSynchronization
 .text.HAL_TIMEx_CommutCallback
                0x0000000008005734       0x14 Drivers/STM32F4xx_HAL_Driver/Src/stm32f4xx_hal_tim_ex.o
                0x0000000008005734                HAL_TIMEx_CommutCallback
 .text.HAL_TIMEx_BreakCallback
                0x0000000008005748       0x14 Drivers/STM32F4xx_HAL_Driver/Src/stm32f4xx_hal_tim_ex.o
                0x0000000008005748                HAL_TIMEx_BreakCallback
 .text.HAL_UART_Init
                0x000000000800575c       0x9a Drivers/STM32F4xx_HAL_Driver/Src/stm32f4xx_hal_uart.o
                0x000000000800575c                HAL_UART_Init
 .text.HAL_UART_Transmit
                0x00000000080057f6      0x132 Drivers/STM32F4xx_HAL_Driver/Src/stm32f4xx_hal_uart.o
                0x00000000080057f6                HAL_UART_Transmit
 .text.UART_WaitOnFlagUntilTimeout
                0x0000000008005928       0x94 Drivers/STM32F4xx_HAL_Driver/Src/stm32f4xx_hal_uart.o
 .text.UART_SetConfig
                0x00000000080059bc      0x6f8 Drivers/STM32F4xx_HAL_Driver/Src/stm32f4xx_hal_uart.o
 .text.FMC_SDRAM_Init
                0x00000000080060b4       0xe6 Drivers/STM32F4xx_HAL_Driver/Src/stm32f4xx_ll_fmc.o
                0x00000000080060b4                FMC_SDRAM_Init
 .text.FMC_SDRAM_Timing_Init
                0x000000000800619a       0xfe Drivers/STM32F4xx_HAL_Driver/Src/stm32f4xx_ll_fmc.o
                0x000000000800619a                FMC_SDRAM_Timing_Init
 .text.USB_CoreInit
                0x0000000008006298       0xc2 Drivers/STM32F4xx_HAL_Driver/Src/stm32f4xx_ll_usb.o
                0x0000000008006298                USB_CoreInit
 .text.USB_DisableGlobalInt
                0x000000000800635a       0x22 Drivers/STM32F4xx_HAL_Driver/Src/stm32f4xx_ll_usb.o
                0x000000000800635a                USB_DisableGlobalInt
 .text.USB_SetCurrentMode
                0x000000000800637c       0x54 Drivers/STM32F4xx_HAL_Driver/Src/stm32f4xx_ll_usb.o
                0x000000000800637c                USB_SetCurrentMode
 .text.USB_FlushTxFifo
                0x00000000080063d0       0x4c Drivers/STM32F4xx_HAL_Driver/Src/stm32f4xx_ll_usb.o
                0x00000000080063d0                USB_FlushTxFifo
 .text.USB_FlushRxFifo
                0x000000000800641c       0x44 Drivers/STM32F4xx_HAL_Driver/Src/stm32f4xx_ll_usb.o
                0x000000000800641c                USB_FlushRxFifo
 .text.USB_ReadPacket
                0x0000000008006460       0x52 Drivers/STM32F4xx_HAL_Driver/Src/stm32f4xx_ll_usb.o
                0x0000000008006460                USB_ReadPacket
 .text.USB_ReadInterrupts
                0x00000000080064b2       0x26 Drivers/STM32F4xx_HAL_Driver/Src/stm32f4xx_ll_usb.o
                0x00000000080064b2                USB_ReadInterrupts
 .text.USB_GetMode
                0x00000000080064d8       0x1c Drivers/STM32F4xx_HAL_Driver/Src/stm32f4xx_ll_usb.o
                0x00000000080064d8                USB_GetMode
 .text.USB_CoreReset
                0x00000000080064f4       0x68 Drivers/STM32F4xx_HAL_Driver/Src/stm32f4xx_ll_usb.o
 .text.USB_HostInit
                0x000000000800655c      0x178 Drivers/STM32F4xx_HAL_Driver/Src/stm32f4xx_ll_usb.o
                0x000000000800655c                USB_HostInit
 .text.USB_InitFSLSPClkSel
                0x00000000080066d4       0x74 Drivers/STM32F4xx_HAL_Driver/Src/stm32f4xx_ll_usb.o
                0x00000000080066d4                USB_InitFSLSPClkSel
 .text.USB_DriveVbus
                0x0000000008006748       0x72 Drivers/STM32F4xx_HAL_Driver/Src/stm32f4xx_ll_usb.o
                0x0000000008006748                USB_DriveVbus
 .text.USB_HC_ReadInterrupt
                0x00000000080067ba       0x22 Drivers/STM32F4xx_HAL_Driver/Src/stm32f4xx_ll_usb.o
                0x00000000080067ba                USB_HC_ReadInterrupt
 .text.USB_HC_Halt
                0x00000000080067dc      0x1fe Drivers/STM32F4xx_HAL_Driver/Src/stm32f4xx_ll_usb.o
                0x00000000080067dc                USB_HC_Halt
 .text.SVC_Setup
                0x00000000080069da        0xe Middlewares/Third_Party/FreeRTOS/Source/CMSIS_RTOS_V2/cmsis_os2.o
 .text.osKernelInitialize
                0x00000000080069e8       0x68 Middlewares/Third_Party/FreeRTOS/Source/CMSIS_RTOS_V2/cmsis_os2.o
                0x00000000080069e8                osKernelInitialize
 .text.osKernelStart
                0x0000000008006a50       0x6c Middlewares/Third_Party/FreeRTOS/Source/CMSIS_RTOS_V2/cmsis_os2.o
                0x0000000008006a50                osKernelStart
 .text.osThreadNew
                0x0000000008006abc      0x14c Middlewares/Third_Party/FreeRTOS/Source/CMSIS_RTOS_V2/cmsis_os2.o
                0x0000000008006abc                osThreadNew
 .text.osDelay  0x0000000008006c08       0x5c Middlewares/Third_Party/FreeRTOS/Source/CMSIS_RTOS_V2/cmsis_os2.o
                0x0000000008006c08                osDelay
 .text.vApplicationGetIdleTaskMemory
                0x0000000008006c64       0x34 Middlewares/Third_Party/FreeRTOS/Source/CMSIS_RTOS_V2/cmsis_os2.o
                0x0000000008006c64                vApplicationGetIdleTaskMemory
 .text.vApplicationGetTimerTaskMemory
                0x0000000008006c98       0x34 Middlewares/Third_Party/FreeRTOS/Source/CMSIS_RTOS_V2/cmsis_os2.o
                0x0000000008006c98                vApplicationGetTimerTaskMemory
 .text.vListInitialise
                0x0000000008006ccc       0x40 Middlewares/Third_Party/FreeRTOS/Source/list.o
                0x0000000008006ccc                vListInitialise
 .text.vListInitialiseItem
                0x0000000008006d0c       0x1a Middlewares/Third_Party/FreeRTOS/Source/list.o
                0x0000000008006d0c                vListInitialiseItem
 .text.vListInsertEnd
                0x0000000008006d26       0x48 Middlewares/Third_Party/FreeRTOS/Source/list.o
                0x0000000008006d26                vListInsertEnd
 .text.vListInsert
                0x0000000008006d6e       0x72 Middlewares/Third_Party/FreeRTOS/Source/list.o
                0x0000000008006d6e                vListInsert
 .text.uxListRemove
                0x0000000008006de0       0x54 Middlewares/Third_Party/FreeRTOS/Source/list.o
                0x0000000008006de0                uxListRemove
 .text.xQueueGenericReset
                0x0000000008006e34       0xd0 Middlewares/Third_Party/FreeRTOS/Source/queue.o
                0x0000000008006e34                xQueueGenericReset
 .text.xQueueGenericCreateStatic
                0x0000000008006f04       0xe6 Middlewares/Third_Party/FreeRTOS/Source/queue.o
                0x0000000008006f04                xQueueGenericCreateStatic
 .text.prvInitialiseNewQueue
                0x0000000008006fea       0x46 Middlewares/Third_Party/FreeRTOS/Source/queue.o
 .text.xQueueGenericSend
                0x0000000008007030      0x1f4 Middlewares/Third_Party/FreeRTOS/Source/queue.o
                0x0000000008007030                xQueueGenericSend
 .text.xQueueGenericSendFromISR
                0x0000000008007224      0x128 Middlewares/Third_Party/FreeRTOS/Source/queue.o
                0x0000000008007224                xQueueGenericSendFromISR
 .text.xQueueReceive
                0x000000000800734c      0x1b8 Middlewares/Third_Party/FreeRTOS/Source/queue.o
                0x000000000800734c                xQueueReceive
 .text.prvCopyDataToQueue
                0x0000000008007504       0xd4 Middlewares/Third_Party/FreeRTOS/Source/queue.o
 .text.prvCopyDataFromQueue
                0x00000000080075d8       0x4c Middlewares/Third_Party/FreeRTOS/Source/queue.o
 .text.prvUnlockQueue
                0x0000000008007624       0xa4 Middlewares/Third_Party/FreeRTOS/Source/queue.o
 .text.prvIsQueueEmpty
                0x00000000080076c8       0x2c Middlewares/Third_Party/FreeRTOS/Source/queue.o
 .text.prvIsQueueFull
                0x00000000080076f4       0x30 Middlewares/Third_Party/FreeRTOS/Source/queue.o
 .text.vQueueAddToRegistry
                0x0000000008007724       0x50 Middlewares/Third_Party/FreeRTOS/Source/queue.o
                0x0000000008007724                vQueueAddToRegistry
 .text.vQueueWaitForMessageRestricted
                0x0000000008007774       0x68 Middlewares/Third_Party/FreeRTOS/Source/queue.o
                0x0000000008007774                vQueueWaitForMessageRestricted
 .text.xTaskCreateStatic
                0x00000000080077dc       0xb4 Middlewares/Third_Party/FreeRTOS/Source/tasks.o
                0x00000000080077dc                xTaskCreateStatic
 .text.xTaskCreate
                0x0000000008007890       0x8a Middlewares/Third_Party/FreeRTOS/Source/tasks.o
                0x0000000008007890                xTaskCreate
 .text.prvInitialiseNewTask
                0x000000000800791a      0x122 Middlewares/Third_Party/FreeRTOS/Source/tasks.o
 .text.prvAddNewTaskToReadyList
                0x0000000008007a3c       0xe0 Middlewares/Third_Party/FreeRTOS/Source/tasks.o
 .text.vTaskDelay
                0x0000000008007b1c       0x68 Middlewares/Third_Party/FreeRTOS/Source/tasks.o
                0x0000000008007b1c                vTaskDelay
 .text.vTaskStartScheduler
                0x0000000008007b84       0xc8 Middlewares/Third_Party/FreeRTOS/Source/tasks.o
                0x0000000008007b84                vTaskStartScheduler
 .text.vTaskSuspendAll
                0x0000000008007c4c       0x1c Middlewares/Third_Party/FreeRTOS/Source/tasks.o
                0x0000000008007c4c                vTaskSuspendAll
 .text.xTaskResumeAll
                0x0000000008007c68      0x138 Middlewares/Third_Party/FreeRTOS/Source/tasks.o
                0x0000000008007c68                xTaskResumeAll
 .text.xTaskGetTickCount
                0x0000000008007da0       0x20 Middlewares/Third_Party/FreeRTOS/Source/tasks.o
                0x0000000008007da0                xTaskGetTickCount
 .text.xTaskIncrementTick
                0x0000000008007dc0      0x170 Middlewares/Third_Party/FreeRTOS/Source/tasks.o
                0x0000000008007dc0                xTaskIncrementTick
 .text.vTaskSwitchContext
                0x0000000008007f30      0x104 Middlewares/Third_Party/FreeRTOS/Source/tasks.o
                0x0000000008007f30                vTaskSwitchContext
 .text.vTaskPlaceOnEventList
                0x0000000008008034       0x48 Middlewares/Third_Party/FreeRTOS/Source/tasks.o
                0x0000000008008034                vTaskPlaceOnEventList
 .text.vTaskPlaceOnEventListRestricted
                0x000000000800807c       0x54 Middlewares/Third_Party/FreeRTOS/Source/tasks.o
                0x000000000800807c                vTaskPlaceOnEventListRestricted
 .text.xTaskRemoveFromEventList
                0x00000000080080d0       0xc4 Middlewares/Third_Party/FreeRTOS/Source/tasks.o
                0x00000000080080d0                xTaskRemoveFromEventList
 .text.vTaskInternalSetTimeOutState
                0x0000000008008194       0x2c Middlewares/Third_Party/FreeRTOS/Source/tasks.o
                0x0000000008008194                vTaskInternalSetTimeOutState
 .text.xTaskCheckForTimeOut
                0x00000000080081c0       0xc0 Middlewares/Third_Party/FreeRTOS/Source/tasks.o
                0x00000000080081c0                xTaskCheckForTimeOut
 .text.vTaskMissedYield
                0x0000000008008280       0x18 Middlewares/Third_Party/FreeRTOS/Source/tasks.o
                0x0000000008008280                vTaskMissedYield
 .text.prvIdleTask
                0x0000000008008298       0x34 Middlewares/Third_Party/FreeRTOS/Source/tasks.o
 .text.prvInitialiseTaskLists
                0x00000000080082cc       0x80 Middlewares/Third_Party/FreeRTOS/Source/tasks.o
 .text.prvCheckTasksWaitingTermination
                0x000000000800834c       0x58 Middlewares/Third_Party/FreeRTOS/Source/tasks.o
 .text.prvDeleteTCB
                0x00000000080083a4       0x5c Middlewares/Third_Party/FreeRTOS/Source/tasks.o
 .text.prvResetNextTaskUnblockTime
                0x0000000008008400       0x40 Middlewares/Third_Party/FreeRTOS/Source/tasks.o
 .text.xTaskGetSchedulerState
                0x0000000008008440       0x3c Middlewares/Third_Party/FreeRTOS/Source/tasks.o
                0x0000000008008440                xTaskGetSchedulerState
 .text.xTaskPriorityDisinherit
                0x000000000800847c       0xd8 Middlewares/Third_Party/FreeRTOS/Source/tasks.o
                0x000000000800847c                xTaskPriorityDisinherit
 .text.prvAddCurrentTaskToDelayedList
                0x0000000008008554       0xa8 Middlewares/Third_Party/FreeRTOS/Source/tasks.o
 .text.xTimerCreateTimerTask
                0x00000000080085fc       0x90 Middlewares/Third_Party/FreeRTOS/Source/timers.o
                0x00000000080085fc                xTimerCreateTimerTask
 .text.xTimerGenericCommand
                0x000000000800868c       0x98 Middlewares/Third_Party/FreeRTOS/Source/timers.o
                0x000000000800868c                xTimerGenericCommand
 .text.prvProcessExpiredTimer
                0x0000000008008724       0x98 Middlewares/Third_Party/FreeRTOS/Source/timers.o
 .text.prvTimerTask
                0x00000000080087bc       0x24 Middlewares/Third_Party/FreeRTOS/Source/timers.o
 .text.prvProcessTimerOrBlockTask
                0x00000000080087e0       0x9c Middlewares/Third_Party/FreeRTOS/Source/timers.o
 .text.prvGetNextExpireTime
                0x000000000800887c       0x48 Middlewares/Third_Party/FreeRTOS/Source/timers.o
 .text.prvSampleTimeNow
                0x00000000080088c4       0x40 Middlewares/Third_Party/FreeRTOS/Source/timers.o
 .text.prvInsertTimerInActiveList
                0x0000000008008904       0x84 Middlewares/Third_Party/FreeRTOS/Source/timers.o
 .text.prvProcessReceivedCommands
                0x0000000008008988      0x1b8 Middlewares/Third_Party/FreeRTOS/Source/timers.o
 .text.prvSwitchTimerLists
                0x0000000008008b40       0xc8 Middlewares/Third_Party/FreeRTOS/Source/timers.o
 .text.prvCheckForValidListAndQueue
                0x0000000008008c08       0x80 Middlewares/Third_Party/FreeRTOS/Source/timers.o
 .text.pxPortInitialiseStack
                0x0000000008008c88       0x68 Middlewares/Third_Party/FreeRTOS/Source/portable/GCC/ARM_CM4F/port.o
                0x0000000008008c88                pxPortInitialiseStack
 .text.prvTaskExitError
                0x0000000008008cf0       0x54 Middlewares/Third_Party/FreeRTOS/Source/portable/GCC/ARM_CM4F/port.o
 *fill*         0x0000000008008d44        0xc 
 .text.SVC_Handler
                0x0000000008008d50       0x28 Middlewares/Third_Party/FreeRTOS/Source/portable/GCC/ARM_CM4F/port.o
                0x0000000008008d50                SVC_Handler
 .text.prvPortStartFirstTask
                0x0000000008008d78       0x28 Middlewares/Third_Party/FreeRTOS/Source/portable/GCC/ARM_CM4F/port.o
 .text.xPortStartScheduler
                0x0000000008008da0      0x13c Middlewares/Third_Party/FreeRTOS/Source/portable/GCC/ARM_CM4F/port.o
                0x0000000008008da0                xPortStartScheduler
 .text.vPortEnterCritical
                0x0000000008008edc       0x5c Middlewares/Third_Party/FreeRTOS/Source/portable/GCC/ARM_CM4F/port.o
                0x0000000008008edc                vPortEnterCritical
 .text.vPortExitCritical
                0x0000000008008f38       0x50 Middlewares/Third_Party/FreeRTOS/Source/portable/GCC/ARM_CM4F/port.o
                0x0000000008008f38                vPortExitCritical
 *fill*         0x0000000008008f88        0x8 
 .text.PendSV_Handler
                0x0000000008008f90       0x68 Middlewares/Third_Party/FreeRTOS/Source/portable/GCC/ARM_CM4F/port.o
                0x0000000008008f90                PendSV_Handler
 .text.SysTick_Handler
                0x0000000008008ff8       0x40 Middlewares/Third_Party/FreeRTOS/Source/portable/GCC/ARM_CM4F/port.o
                0x0000000008008ff8                SysTick_Handler
 .text.vPortSetupTimerInterrupt
                0x0000000008009038       0x48 Middlewares/Third_Party/FreeRTOS/Source/portable/GCC/ARM_CM4F/port.o
                0x0000000008009038                vPortSetupTimerInterrupt
 .text.vPortEnableVFP
                0x0000000008009080       0x14 Middlewares/Third_Party/FreeRTOS/Source/portable/GCC/ARM_CM4F/port.o
 .text.vPortValidateInterruptPriority
                0x0000000008009094       0x7c Middlewares/Third_Party/FreeRTOS/Source/portable/GCC/ARM_CM4F/port.o
                0x0000000008009094                vPortValidateInterruptPriority
 .text.pvPortMalloc
                0x0000000008009110      0x18c Middlewares/Third_Party/FreeRTOS/Source/portable/MemMang/heap_4.o
                0x0000000008009110                pvPortMalloc
 .text.vPortFree
                0x000000000800929c       0xb0 Middlewares/Third_Party/FreeRTOS/Source/portable/MemMang/heap_4.o
                0x000000000800929c                vPortFree
 .text.prvHeapInit
                0x000000000800934c       0xc4 Middlewares/Third_Party/FreeRTOS/Source/portable/MemMang/heap_4.o
 .text.prvInsertBlockIntoFreeList
                0x0000000008009410       0xb4 Middlewares/Third_Party/FreeRTOS/Source/portable/MemMang/heap_4.o
 .text.__libc_init_array
                0x00000000080094c4       0x48 c:/st/stm32cubeide_1.3.0/stm32cubeide/plugins/com.st.stm32cube.ide.mcu.externaltools.gnu-tools-for-stm32.7-2018-q2-update.win32_1.4.0.202007081208/tools/bin/../lib/gcc/arm-none-eabi/7.3.1/../../../../arm-none-eabi/lib/thumb/v7e-m/fpv4-sp/hard\libc_nano.a(lib_a-init.o)
                0x00000000080094c4                __libc_init_array
 .text.memcpy   0x000000000800950c       0x16 c:/st/stm32cubeide_1.3.0/stm32cubeide/plugins/com.st.stm32cube.ide.mcu.externaltools.gnu-tools-for-stm32.7-2018-q2-update.win32_1.4.0.202007081208/tools/bin/../lib/gcc/arm-none-eabi/7.3.1/../../../../arm-none-eabi/lib/thumb/v7e-m/fpv4-sp/hard\libc_nano.a(lib_a-memcpy-stub.o)
                0x000000000800950c                memcpy
 .text.memset   0x0000000008009522       0x10 c:/st/stm32cubeide_1.3.0/stm32cubeide/plugins/com.st.stm32cube.ide.mcu.externaltools.gnu-tools-for-stm32.7-2018-q2-update.win32_1.4.0.202007081208/tools/bin/../lib/gcc/arm-none-eabi/7.3.1/../../../../arm-none-eabi/lib/thumb/v7e-m/fpv4-sp/hard\libc_nano.a(lib_a-memset.o)
                0x0000000008009522                memset
 *(.glue_7)
 .glue_7        0x0000000008009532        0x0 linker stubs
 *(.glue_7t)
 .glue_7t       0x0000000008009532        0x0 linker stubs
 *(.eh_frame)
 *fill*         0x0000000008009532        0x2 
 .eh_frame      0x0000000008009534        0x0 c:/st/stm32cubeide_1.3.0/stm32cubeide/plugins/com.st.stm32cube.ide.mcu.externaltools.gnu-tools-for-stm32.7-2018-q2-update.win32_1.4.0.202007081208/tools/bin/../lib/gcc/arm-none-eabi/7.3.1/thumb/v7e-m/fpv4-sp/hard/crtbegin.o
 *(.init)
 .init          0x0000000008009534        0x4 c:/st/stm32cubeide_1.3.0/stm32cubeide/plugins/com.st.stm32cube.ide.mcu.externaltools.gnu-tools-for-stm32.7-2018-q2-update.win32_1.4.0.202007081208/tools/bin/../lib/gcc/arm-none-eabi/7.3.1/thumb/v7e-m/fpv4-sp/hard/crti.o
                0x0000000008009534                _init
 .init          0x0000000008009538        0x8 c:/st/stm32cubeide_1.3.0/stm32cubeide/plugins/com.st.stm32cube.ide.mcu.externaltools.gnu-tools-for-stm32.7-2018-q2-update.win32_1.4.0.202007081208/tools/bin/../lib/gcc/arm-none-eabi/7.3.1/thumb/v7e-m/fpv4-sp/hard/crtn.o
 *(.fini)
 .fini          0x0000000008009540        0x4 c:/st/stm32cubeide_1.3.0/stm32cubeide/plugins/com.st.stm32cube.ide.mcu.externaltools.gnu-tools-for-stm32.7-2018-q2-update.win32_1.4.0.202007081208/tools/bin/../lib/gcc/arm-none-eabi/7.3.1/thumb/v7e-m/fpv4-sp/hard/crti.o
                0x0000000008009540                _fini
 .fini          0x0000000008009544        0x8 c:/st/stm32cubeide_1.3.0/stm32cubeide/plugins/com.st.stm32cube.ide.mcu.externaltools.gnu-tools-for-stm32.7-2018-q2-update.win32_1.4.0.202007081208/tools/bin/../lib/gcc/arm-none-eabi/7.3.1/thumb/v7e-m/fpv4-sp/hard/crtn.o
                0x000000000800954c                . = ALIGN (0x4)
                0x000000000800954c                _etext = .

.vfp11_veneer   0x000000000800954c        0x0
 .vfp11_veneer  0x000000000800954c        0x0 linker stubs

.v4_bx          0x000000000800954c        0x0
 .v4_bx         0x000000000800954c        0x0 linker stubs

.iplt           0x000000000800954c        0x0
 .iplt          0x000000000800954c        0x0 c:/st/stm32cubeide_1.3.0/stm32cubeide/plugins/com.st.stm32cube.ide.mcu.externaltools.gnu-tools-for-stm32.7-2018-q2-update.win32_1.4.0.202007081208/tools/bin/../lib/gcc/arm-none-eabi/7.3.1/thumb/v7e-m/fpv4-sp/hard/crtbegin.o

.rodata         0x000000000800954c       0xa0
                0x000000000800954c                . = ALIGN (0x4)
 *(.rodata)
 .rodata        0x000000000800954c       0x27 Core/Src/main.o
 *fill*         0x0000000008009573        0x1 
 .rodata        0x0000000008009574        0x5 Middlewares/Third_Party/FreeRTOS/Source/tasks.o
 *fill*         0x0000000008009579        0x3 
 .rodata        0x000000000800957c        0xd Middlewares/Third_Party/FreeRTOS/Source/timers.o
 *(.rodata*)
 *fill*         0x0000000008009589        0x3 
 .rodata.defaultTask_LED_attributes
                0x000000000800958c       0x24 Core/Src/main.o
                0x000000000800958c                defaultTask_LED_attributes
 .rodata.myTask_UART_Tx_attributes
                0x00000000080095b0       0x24 Core/Src/main.o
                0x00000000080095b0                myTask_UART_Tx_attributes
 .rodata.AHBPrescTable
                0x00000000080095d4       0x10 Core/Src/system_stm32f4xx.o
                0x00000000080095d4                AHBPrescTable
 .rodata.APBPrescTable
                0x00000000080095e4        0x8 Core/Src/system_stm32f4xx.o
                0x00000000080095e4                APBPrescTable
                0x00000000080095ec                . = ALIGN (0x4)

.ARM.extab      0x00000000080095ec        0x0
                0x00000000080095ec                . = ALIGN (0x4)
 *(.ARM.extab* .gnu.linkonce.armextab.*)
                0x00000000080095ec                . = ALIGN (0x4)

.ARM            0x00000000080095ec        0x8
                0x00000000080095ec                . = ALIGN (0x4)
                0x00000000080095ec                __exidx_start = .
 *(.ARM.exidx*)
 .ARM.exidx     0x00000000080095ec        0x8 c:/st/stm32cubeide_1.3.0/stm32cubeide/plugins/com.st.stm32cube.ide.mcu.externaltools.gnu-tools-for-stm32.7-2018-q2-update.win32_1.4.0.202007081208/tools/bin/../lib/gcc/arm-none-eabi/7.3.1/thumb/v7e-m/fpv4-sp/hard\libgcc.a(_udivmoddi4.o)
                0x00000000080095f4                __exidx_end = .
                0x00000000080095f4                . = ALIGN (0x4)

.rel.dyn        0x00000000080095f4        0x0
 .rel.iplt      0x00000000080095f4        0x0 c:/st/stm32cubeide_1.3.0/stm32cubeide/plugins/com.st.stm32cube.ide.mcu.externaltools.gnu-tools-for-stm32.7-2018-q2-update.win32_1.4.0.202007081208/tools/bin/../lib/gcc/arm-none-eabi/7.3.1/thumb/v7e-m/fpv4-sp/hard/crtbegin.o

.preinit_array  0x00000000080095f4        0x0
                0x00000000080095f4                . = ALIGN (0x4)
                0x00000000080095f4                PROVIDE (__preinit_array_start = .)
 *(.preinit_array*)
                0x00000000080095f4                PROVIDE (__preinit_array_end = .)
                0x00000000080095f4                . = ALIGN (0x4)

.init_array     0x00000000080095f4        0x4
                0x00000000080095f4                . = ALIGN (0x4)
                0x00000000080095f4                PROVIDE (__init_array_start = .)
 *(SORT_BY_NAME(.init_array.*))
 *(.init_array*)
 .init_array    0x00000000080095f4        0x4 c:/st/stm32cubeide_1.3.0/stm32cubeide/plugins/com.st.stm32cube.ide.mcu.externaltools.gnu-tools-for-stm32.7-2018-q2-update.win32_1.4.0.202007081208/tools/bin/../lib/gcc/arm-none-eabi/7.3.1/thumb/v7e-m/fpv4-sp/hard/crtbegin.o
                0x00000000080095f8                PROVIDE (__init_array_end = .)
                0x00000000080095f8                . = ALIGN (0x4)

.fini_array     0x00000000080095f8        0x4
                0x00000000080095f8                . = ALIGN (0x4)
                [!provide]                        PROVIDE (__fini_array_start = .)
 *(SORT_BY_NAME(.fini_array.*))
 *(.fini_array*)
 .fini_array    0x00000000080095f8        0x4 c:/st/stm32cubeide_1.3.0/stm32cubeide/plugins/com.st.stm32cube.ide.mcu.externaltools.gnu-tools-for-stm32.7-2018-q2-update.win32_1.4.0.202007081208/tools/bin/../lib/gcc/arm-none-eabi/7.3.1/thumb/v7e-m/fpv4-sp/hard/crtbegin.o
                [!provide]                        PROVIDE (__fini_array_end = .)
                0x00000000080095fc                . = ALIGN (0x4)
                0x00000000080095fc                _sidata = LOADADDR (.data)

.data           0x0000000020000000       0x10 load address 0x00000000080095fc
                0x0000000020000000                . = ALIGN (0x4)
                0x0000000020000000                _sdata = .
 *(.data)
 *(.data*)
 .data.SystemCoreClock
                0x0000000020000000        0x4 Core/Src/system_stm32f4xx.o
                0x0000000020000000                SystemCoreClock
 .data.uwTickPrio
                0x0000000020000004        0x4 Drivers/STM32F4xx_HAL_Driver/Src/stm32f4xx_hal.o
                0x0000000020000004                uwTickPrio
 .data.uwTickFreq
                0x0000000020000008        0x1 Drivers/STM32F4xx_HAL_Driver/Src/stm32f4xx_hal.o
                0x0000000020000008                uwTickFreq
 *fill*         0x0000000020000009        0x3 
 .data.uxCriticalNesting
                0x000000002000000c        0x4 Middlewares/Third_Party/FreeRTOS/Source/portable/GCC/ARM_CM4F/port.o
                0x0000000020000010                . = ALIGN (0x4)
                0x0000000020000010                _edata = .

.igot.plt       0x0000000020000010        0x0 load address 0x000000000800960c
 .igot.plt      0x0000000020000010        0x0 c:/st/stm32cubeide_1.3.0/stm32cubeide/plugins/com.st.stm32cube.ide.mcu.externaltools.gnu-tools-for-stm32.7-2018-q2-update.win32_1.4.0.202007081208/tools/bin/../lib/gcc/arm-none-eabi/7.3.1/thumb/v7e-m/fpv4-sp/hard/crtbegin.o
                0x0000000020000010                . = ALIGN (0x4)

.bss            0x0000000020000010     0x9310 load address 0x000000000800960c
                0x0000000020000010                _sbss = .
                0x0000000020000010                __bss_start__ = _sbss
 *(.bss)
 .bss           0x0000000020000010       0x1c c:/st/stm32cubeide_1.3.0/stm32cubeide/plugins/com.st.stm32cube.ide.mcu.externaltools.gnu-tools-for-stm32.7-2018-q2-update.win32_1.4.0.202007081208/tools/bin/../lib/gcc/arm-none-eabi/7.3.1/thumb/v7e-m/fpv4-sp/hard/crtbegin.o
 *(.bss*)
 .bss.FMC_Initialized
                0x000000002000002c        0x4 Core/Src/stm32f4xx_hal_msp.o
 .bss.KernelState
                0x0000000020000030        0x4 Middlewares/Third_Party/FreeRTOS/Source/CMSIS_RTOS_V2/cmsis_os2.o
 .bss.Idle_TCB  0x0000000020000034       0x60 Middlewares/Third_Party/FreeRTOS/Source/CMSIS_RTOS_V2/cmsis_os2.o
 .bss.Idle_Stack
                0x0000000020000094      0x200 Middlewares/Third_Party/FreeRTOS/Source/CMSIS_RTOS_V2/cmsis_os2.o
 .bss.Timer_TCB
                0x0000000020000294       0x60 Middlewares/Third_Party/FreeRTOS/Source/CMSIS_RTOS_V2/cmsis_os2.o
 .bss.Timer_Stack
                0x00000000200002f4      0x400 Middlewares/Third_Party/FreeRTOS/Source/CMSIS_RTOS_V2/cmsis_os2.o
 .bss.pxCurrentTCB
                0x00000000200006f4        0x4 Middlewares/Third_Party/FreeRTOS/Source/tasks.o
                0x00000000200006f4                pxCurrentTCB
 .bss.pxReadyTasksLists
                0x00000000200006f8      0x460 Middlewares/Third_Party/FreeRTOS/Source/tasks.o
 .bss.xDelayedTaskList1
                0x0000000020000b58       0x14 Middlewares/Third_Party/FreeRTOS/Source/tasks.o
 .bss.xDelayedTaskList2
                0x0000000020000b6c       0x14 Middlewares/Third_Party/FreeRTOS/Source/tasks.o
 .bss.pxDelayedTaskList
                0x0000000020000b80        0x4 Middlewares/Third_Party/FreeRTOS/Source/tasks.o
 .bss.pxOverflowDelayedTaskList
                0x0000000020000b84        0x4 Middlewares/Third_Party/FreeRTOS/Source/tasks.o
 .bss.xPendingReadyList
                0x0000000020000b88       0x14 Middlewares/Third_Party/FreeRTOS/Source/tasks.o
 .bss.xTasksWaitingTermination
                0x0000000020000b9c       0x14 Middlewares/Third_Party/FreeRTOS/Source/tasks.o
 .bss.uxDeletedTasksWaitingCleanUp
                0x0000000020000bb0        0x4 Middlewares/Third_Party/FreeRTOS/Source/tasks.o
 .bss.xSuspendedTaskList
                0x0000000020000bb4       0x14 Middlewares/Third_Party/FreeRTOS/Source/tasks.o
 .bss.uxCurrentNumberOfTasks
                0x0000000020000bc8        0x4 Middlewares/Third_Party/FreeRTOS/Source/tasks.o
 .bss.xTickCount
                0x0000000020000bcc        0x4 Middlewares/Third_Party/FreeRTOS/Source/tasks.o
 .bss.uxTopReadyPriority
                0x0000000020000bd0        0x4 Middlewares/Third_Party/FreeRTOS/Source/tasks.o
 .bss.xSchedulerRunning
                0x0000000020000bd4        0x4 Middlewares/Third_Party/FreeRTOS/Source/tasks.o
 .bss.uxPendedTicks
                0x0000000020000bd8        0x4 Middlewares/Third_Party/FreeRTOS/Source/tasks.o
 .bss.xYieldPending
                0x0000000020000bdc        0x4 Middlewares/Third_Party/FreeRTOS/Source/tasks.o
 .bss.xNumOfOverflows
                0x0000000020000be0        0x4 Middlewares/Third_Party/FreeRTOS/Source/tasks.o
 .bss.uxTaskNumber
                0x0000000020000be4        0x4 Middlewares/Third_Party/FreeRTOS/Source/tasks.o
 .bss.xNextTaskUnblockTime
                0x0000000020000be8        0x4 Middlewares/Third_Party/FreeRTOS/Source/tasks.o
 .bss.xIdleTaskHandle
                0x0000000020000bec        0x4 Middlewares/Third_Party/FreeRTOS/Source/tasks.o
 .bss.uxSchedulerSuspended
                0x0000000020000bf0        0x4 Middlewares/Third_Party/FreeRTOS/Source/tasks.o
 .bss.xActiveTimerList1
                0x0000000020000bf4       0x14 Middlewares/Third_Party/FreeRTOS/Source/timers.o
 .bss.xActiveTimerList2
                0x0000000020000c08       0x14 Middlewares/Third_Party/FreeRTOS/Source/timers.o
 .bss.pxCurrentTimerList
                0x0000000020000c1c        0x4 Middlewares/Third_Party/FreeRTOS/Source/timers.o
 .bss.pxOverflowTimerList
                0x0000000020000c20        0x4 Middlewares/Third_Party/FreeRTOS/Source/timers.o
 .bss.xTimerQueue
                0x0000000020000c24        0x4 Middlewares/Third_Party/FreeRTOS/Source/timers.o
 .bss.xTimerTaskHandle
                0x0000000020000c28        0x4 Middlewares/Third_Party/FreeRTOS/Source/timers.o
 .bss.xLastTime.6749
                0x0000000020000c2c        0x4 Middlewares/Third_Party/FreeRTOS/Source/timers.o
 .bss.ucStaticTimerQueueStorage.6800
                0x0000000020000c30       0xa0 Middlewares/Third_Party/FreeRTOS/Source/timers.o
 .bss.xStaticTimerQueue.6799
                0x0000000020000cd0       0x50 Middlewares/Third_Party/FreeRTOS/Source/timers.o
 .bss.ucMaxSysCallPriority
                0x0000000020000d20        0x1 Middlewares/Third_Party/FreeRTOS/Source/portable/GCC/ARM_CM4F/port.o
 *fill*         0x0000000020000d21        0x3 
 .bss.ulMaxPRIGROUPValue
                0x0000000020000d24        0x4 Middlewares/Third_Party/FreeRTOS/Source/portable/GCC/ARM_CM4F/port.o
 .bss.ucHeap    0x0000000020000d28     0x8000 Middlewares/Third_Party/FreeRTOS/Source/portable/MemMang/heap_4.o
 .bss.xStart    0x0000000020008d28        0x8 Middlewares/Third_Party/FreeRTOS/Source/portable/MemMang/heap_4.o
 .bss.pxEnd     0x0000000020008d30        0x4 Middlewares/Third_Party/FreeRTOS/Source/portable/MemMang/heap_4.o
 .bss.xFreeBytesRemaining
                0x0000000020008d34        0x4 Middlewares/Third_Party/FreeRTOS/Source/portable/MemMang/heap_4.o
 .bss.xMinimumEverFreeBytesRemaining
                0x0000000020008d38        0x4 Middlewares/Third_Party/FreeRTOS/Source/portable/MemMang/heap_4.o
 .bss.xBlockAllocatedBit
                0x0000000020008d3c        0x4 Middlewares/Third_Party/FreeRTOS/Source/portable/MemMang/heap_4.o
 *(COMMON)
 COMMON         0x0000000020008d40      0x55c Core/Src/main.o
                0x0000000020008d40                hi2c3
                0x0000000020008d94                myTask_UART_TxHandle
                0x0000000020008d98                hspi5
                0x0000000020008df0                hcrc
                0x0000000020008df8                hltdc
                0x0000000020008ea0                huart5
                0x0000000020008ee0                huart1
                0x0000000020008f20                hhcd_USB_OTG_HS
                0x00000000200091e4                defaultTask_LEDHandle
                0x00000000200091e8                htim1
                0x0000000020009228                hdma2d
                0x0000000020009268                hsdram1
 COMMON         0x000000002000929c       0x40 Core/Src/stm32f4xx_hal_timebase_tim.o
                0x000000002000929c                htim6
 COMMON         0x00000000200092dc        0x4 Drivers/STM32F4xx_HAL_Driver/Src/stm32f4xx_hal.o
                0x00000000200092dc                uwTick
 COMMON         0x00000000200092e0       0x40 Middlewares/Third_Party/FreeRTOS/Source/queue.o
                0x00000000200092e0                xQueueRegistry
                0x0000000020009320                . = ALIGN (0x4)
                0x0000000020009320                _ebss = .
                0x0000000020009320                __bss_end__ = _ebss

._user_heap_stack
                0x0000000020009320      0x600 load address 0x000000000800960c
                0x0000000020009320                . = ALIGN (0x8)
                [!provide]                        PROVIDE (end = .)
                0x0000000020009320                PROVIDE (_end = .)
                0x0000000020009520                . = (. + _Min_Heap_Size)
 *fill*         0x0000000020009320      0x200 
                0x0000000020009920                . = (. + _Min_Stack_Size)
 *fill*         0x0000000020009520      0x400 
                0x0000000020009920                . = ALIGN (0x8)

/DISCARD/
 libc.a(*)
 libm.a(*)
 libgcc.a(*)

.ARM.attributes
                0x0000000000000000       0x30
 *(.ARM.attributes)
 .ARM.attributes
                0x0000000000000000       0x22 c:/st/stm32cubeide_1.3.0/stm32cubeide/plugins/com.st.stm32cube.ide.mcu.externaltools.gnu-tools-for-stm32.7-2018-q2-update.win32_1.4.0.202007081208/tools/bin/../lib/gcc/arm-none-eabi/7.3.1/thumb/v7e-m/fpv4-sp/hard/crti.o
 .ARM.attributes
                0x0000000000000022       0x34 c:/st/stm32cubeide_1.3.0/stm32cubeide/plugins/com.st.stm32cube.ide.mcu.externaltools.gnu-tools-for-stm32.7-2018-q2-update.win32_1.4.0.202007081208/tools/bin/../lib/gcc/arm-none-eabi/7.3.1/thumb/v7e-m/fpv4-sp/hard/crtbegin.o
 .ARM.attributes
                0x0000000000000056       0x39 Core/Src/freertos.o
 .ARM.attributes
                0x000000000000008f       0x39 Core/Src/main.o
 .ARM.attributes
                0x00000000000000c8       0x39 Core/Src/stm32f4xx_hal_msp.o
 .ARM.attributes
                0x0000000000000101       0x39 Core/Src/stm32f4xx_hal_timebase_tim.o
 .ARM.attributes
                0x000000000000013a       0x39 Core/Src/stm32f4xx_it.o
 .ARM.attributes
                0x0000000000000173       0x39 Core/Src/system_stm32f4xx.o
 .ARM.attributes
                0x00000000000001ac       0x21 Core/Startup/startup_stm32f429zitx.o
 .ARM.attributes
                0x00000000000001cd       0x39 Drivers/STM32F4xx_HAL_Driver/Src/stm32f4xx_hal.o
 .ARM.attributes
                0x0000000000000206       0x39 Drivers/STM32F4xx_HAL_Driver/Src/stm32f4xx_hal_cortex.o
 .ARM.attributes
                0x000000000000023f       0x39 Drivers/STM32F4xx_HAL_Driver/Src/stm32f4xx_hal_crc.o
 .ARM.attributes
                0x0000000000000278       0x39 Drivers/STM32F4xx_HAL_Driver/Src/stm32f4xx_hal_dma2d.o
 .ARM.attributes
                0x00000000000002b1       0x39 Drivers/STM32F4xx_HAL_Driver/Src/stm32f4xx_hal_gpio.o
 .ARM.attributes
                0x00000000000002ea       0x39 Drivers/STM32F4xx_HAL_Driver/Src/stm32f4xx_hal_hcd.o
 .ARM.attributes
                0x0000000000000323       0x39 Drivers/STM32F4xx_HAL_Driver/Src/stm32f4xx_hal_i2c.o
 .ARM.attributes
                0x000000000000035c       0x39 Drivers/STM32F4xx_HAL_Driver/Src/stm32f4xx_hal_i2c_ex.o
 .ARM.attributes
                0x0000000000000395       0x39 Drivers/STM32F4xx_HAL_Driver/Src/stm32f4xx_hal_ltdc.o
 .ARM.attributes
                0x00000000000003ce       0x39 Drivers/STM32F4xx_HAL_Driver/Src/stm32f4xx_hal_rcc.o
 .ARM.attributes
                0x0000000000000407       0x39 Drivers/STM32F4xx_HAL_Driver/Src/stm32f4xx_hal_rcc_ex.o
 .ARM.attributes
                0x0000000000000440       0x39 Drivers/STM32F4xx_HAL_Driver/Src/stm32f4xx_hal_sdram.o
 .ARM.attributes
                0x0000000000000479       0x39 Drivers/STM32F4xx_HAL_Driver/Src/stm32f4xx_hal_spi.o
 .ARM.attributes
                0x00000000000004b2       0x39 Drivers/STM32F4xx_HAL_Driver/Src/stm32f4xx_hal_tim.o
 .ARM.attributes
                0x00000000000004eb       0x39 Drivers/STM32F4xx_HAL_Driver/Src/stm32f4xx_hal_tim_ex.o
 .ARM.attributes
                0x0000000000000524       0x39 Drivers/STM32F4xx_HAL_Driver/Src/stm32f4xx_hal_uart.o
 .ARM.attributes
                0x000000000000055d       0x39 Drivers/STM32F4xx_HAL_Driver/Src/stm32f4xx_ll_fmc.o
 .ARM.attributes
                0x0000000000000596       0x39 Drivers/STM32F4xx_HAL_Driver/Src/stm32f4xx_ll_usb.o
 .ARM.attributes
                0x00000000000005cf       0x39 Middlewares/Third_Party/FreeRTOS/Source/CMSIS_RTOS_V2/cmsis_os2.o
 .ARM.attributes
                0x0000000000000608       0x39 Middlewares/Third_Party/FreeRTOS/Source/list.o
 .ARM.attributes
                0x0000000000000641       0x39 Middlewares/Third_Party/FreeRTOS/Source/queue.o
 .ARM.attributes
                0x000000000000067a       0x39 Middlewares/Third_Party/FreeRTOS/Source/tasks.o
 .ARM.attributes
                0x00000000000006b3       0x39 Middlewares/Third_Party/FreeRTOS/Source/timers.o
 .ARM.attributes
                0x00000000000006ec       0x39 Middlewares/Third_Party/FreeRTOS/Source/portable/GCC/ARM_CM4F/port.o
 .ARM.attributes
                0x0000000000000725       0x39 Middlewares/Third_Party/FreeRTOS/Source/portable/MemMang/heap_4.o
 .ARM.attributes
                0x000000000000075e       0x34 c:/st/stm32cubeide_1.3.0/stm32cubeide/plugins/com.st.stm32cube.ide.mcu.externaltools.gnu-tools-for-stm32.7-2018-q2-update.win32_1.4.0.202007081208/tools/bin/../lib/gcc/arm-none-eabi/7.3.1/../../../../arm-none-eabi/lib/thumb/v7e-m/fpv4-sp/hard\libc_nano.a(lib_a-init.o)
 .ARM.attributes
                0x0000000000000792       0x34 c:/st/stm32cubeide_1.3.0/stm32cubeide/plugins/com.st.stm32cube.ide.mcu.externaltools.gnu-tools-for-stm32.7-2018-q2-update.win32_1.4.0.202007081208/tools/bin/../lib/gcc/arm-none-eabi/7.3.1/../../../../arm-none-eabi/lib/thumb/v7e-m/fpv4-sp/hard\libc_nano.a(lib_a-memcpy-stub.o)
 .ARM.attributes
                0x00000000000007c6       0x34 c:/st/stm32cubeide_1.3.0/stm32cubeide/plugins/com.st.stm32cube.ide.mcu.externaltools.gnu-tools-for-stm32.7-2018-q2-update.win32_1.4.0.202007081208/tools/bin/../lib/gcc/arm-none-eabi/7.3.1/../../../../arm-none-eabi/lib/thumb/v7e-m/fpv4-sp/hard\libc_nano.a(lib_a-memset.o)
 .ARM.attributes
                0x00000000000007fa       0x22 c:/st/stm32cubeide_1.3.0/stm32cubeide/plugins/com.st.stm32cube.ide.mcu.externaltools.gnu-tools-for-stm32.7-2018-q2-update.win32_1.4.0.202007081208/tools/bin/../lib/gcc/arm-none-eabi/7.3.1/thumb/v7e-m/fpv4-sp/hard\libgcc.a(_aeabi_uldivmod.o)
 .ARM.attributes
                0x000000000000081c       0x34 c:/st/stm32cubeide_1.3.0/stm32cubeide/plugins/com.st.stm32cube.ide.mcu.externaltools.gnu-tools-for-stm32.7-2018-q2-update.win32_1.4.0.202007081208/tools/bin/../lib/gcc/arm-none-eabi/7.3.1/thumb/v7e-m/fpv4-sp/hard\libgcc.a(_udivmoddi4.o)
 .ARM.attributes
                0x0000000000000850       0x22 c:/st/stm32cubeide_1.3.0/stm32cubeide/plugins/com.st.stm32cube.ide.mcu.externaltools.gnu-tools-for-stm32.7-2018-q2-update.win32_1.4.0.202007081208/tools/bin/../lib/gcc/arm-none-eabi/7.3.1/thumb/v7e-m/fpv4-sp/hard\libgcc.a(_dvmd_tls.o)
 .ARM.attributes
                0x0000000000000872       0x22 c:/st/stm32cubeide_1.3.0/stm32cubeide/plugins/com.st.stm32cube.ide.mcu.externaltools.gnu-tools-for-stm32.7-2018-q2-update.win32_1.4.0.202007081208/tools/bin/../lib/gcc/arm-none-eabi/7.3.1/thumb/v7e-m/fpv4-sp/hard/crtn.o
OUTPUT(Free_RTOS_UART.elf elf32-littlearm)

.debug_info     0x0000000000000000    0x25799
 .debug_info    0x0000000000000000      0x1e8 Core/Src/freertos.o
 .debug_info    0x00000000000001e8     0x261f Core/Src/main.o
 .debug_info    0x0000000000002807     0x2513 Core/Src/stm32f4xx_hal_msp.o
 .debug_info    0x0000000000004d1a      0xb7d Core/Src/stm32f4xx_hal_timebase_tim.o
 .debug_info    0x0000000000005897     0x1193 Core/Src/stm32f4xx_it.o
 .debug_info    0x0000000000006a2a      0x56e Core/Src/system_stm32f4xx.o
 .debug_info    0x0000000000006f98       0x22 Core/Startup/startup_stm32f429zitx.o
 .debug_info    0x0000000000006fba      0x9b9 Drivers/STM32F4xx_HAL_Driver/Src/stm32f4xx_hal.o
 .debug_info    0x0000000000007973      0xe5e Drivers/STM32F4xx_HAL_Driver/Src/stm32f4xx_hal_cortex.o
 .debug_info    0x00000000000087d1      0x441 Drivers/STM32F4xx_HAL_Driver/Src/stm32f4xx_hal_crc.o
 .debug_info    0x0000000000008c12      0xf72 Drivers/STM32F4xx_HAL_Driver/Src/stm32f4xx_hal_dma2d.o
 .debug_info    0x0000000000009b84      0x7cf Drivers/STM32F4xx_HAL_Driver/Src/stm32f4xx_hal_gpio.o
 .debug_info    0x000000000000a353      0xe5f Drivers/STM32F4xx_HAL_Driver/Src/stm32f4xx_hal_hcd.o
 .debug_info    0x000000000000b1b2     0x2433 Drivers/STM32F4xx_HAL_Driver/Src/stm32f4xx_hal_i2c.o
 .debug_info    0x000000000000d5e5      0x719 Drivers/STM32F4xx_HAL_Driver/Src/stm32f4xx_hal_i2c_ex.o
 .debug_info    0x000000000000dcfe     0x1104 Drivers/STM32F4xx_HAL_Driver/Src/stm32f4xx_hal_ltdc.o
 .debug_info    0x000000000000ee02      0x91e Drivers/STM32F4xx_HAL_Driver/Src/stm32f4xx_hal_rcc.o
 .debug_info    0x000000000000f720      0x6bc Drivers/STM32F4xx_HAL_Driver/Src/stm32f4xx_hal_rcc_ex.o
 .debug_info    0x000000000000fddc      0xc9a Drivers/STM32F4xx_HAL_Driver/Src/stm32f4xx_hal_sdram.o
 .debug_info    0x0000000000010a76     0x163a Drivers/STM32F4xx_HAL_Driver/Src/stm32f4xx_hal_spi.o
 .debug_info    0x00000000000120b0     0x24a9 Drivers/STM32F4xx_HAL_Driver/Src/stm32f4xx_hal_tim.o
 .debug_info    0x0000000000014559     0x1157 Drivers/STM32F4xx_HAL_Driver/Src/stm32f4xx_hal_tim_ex.o
 .debug_info    0x00000000000156b0     0x124c Drivers/STM32F4xx_HAL_Driver/Src/stm32f4xx_hal_uart.o
 .debug_info    0x00000000000168fc      0xf0b Drivers/STM32F4xx_HAL_Driver/Src/stm32f4xx_ll_fmc.o
 .debug_info    0x0000000000017807     0x18dd Drivers/STM32F4xx_HAL_Driver/Src/stm32f4xx_ll_usb.o
 .debug_info    0x00000000000190e4     0x408b Middlewares/Third_Party/FreeRTOS/Source/CMSIS_RTOS_V2/cmsis_os2.o
 .debug_info    0x000000000001d16f      0xacb Middlewares/Third_Party/FreeRTOS/Source/list.o
 .debug_info    0x000000000001dc3a     0x239c Middlewares/Third_Party/FreeRTOS/Source/queue.o
 .debug_info    0x000000000001ffd6     0x2bca Middlewares/Third_Party/FreeRTOS/Source/tasks.o
 .debug_info    0x0000000000022ba0     0x1ac7 Middlewares/Third_Party/FreeRTOS/Source/timers.o
 .debug_info    0x0000000000024667      0x533 Middlewares/Third_Party/FreeRTOS/Source/portable/GCC/ARM_CM4F/port.o
 .debug_info    0x0000000000024b9a      0xbff Middlewares/Third_Party/FreeRTOS/Source/portable/MemMang/heap_4.o

.debug_abbrev   0x0000000000000000     0x4326
 .debug_abbrev  0x0000000000000000       0xe9 Core/Src/freertos.o
 .debug_abbrev  0x00000000000000e9      0x27f Core/Src/main.o
 .debug_abbrev  0x0000000000000368      0x278 Core/Src/stm32f4xx_hal_msp.o
 .debug_abbrev  0x00000000000005e0      0x19d Core/Src/stm32f4xx_hal_timebase_tim.o
 .debug_abbrev  0x000000000000077d      0x1a1 Core/Src/stm32f4xx_it.o
 .debug_abbrev  0x000000000000091e      0x12b Core/Src/system_stm32f4xx.o
 .debug_abbrev  0x0000000000000a49       0x12 Core/Startup/startup_stm32f429zitx.o
 .debug_abbrev  0x0000000000000a5b      0x1c7 Drivers/STM32F4xx_HAL_Driver/Src/stm32f4xx_hal.o
 .debug_abbrev  0x0000000000000c22      0x2fa Drivers/STM32F4xx_HAL_Driver/Src/stm32f4xx_hal_cortex.o
 .debug_abbrev  0x0000000000000f1c      0x1b7 Drivers/STM32F4xx_HAL_Driver/Src/stm32f4xx_hal_crc.o
 .debug_abbrev  0x00000000000010d3      0x211 Drivers/STM32F4xx_HAL_Driver/Src/stm32f4xx_hal_dma2d.o
 .debug_abbrev  0x00000000000012e4      0x1c9 Drivers/STM32F4xx_HAL_Driver/Src/stm32f4xx_hal_gpio.o
 .debug_abbrev  0x00000000000014ad      0x255 Drivers/STM32F4xx_HAL_Driver/Src/stm32f4xx_hal_hcd.o
 .debug_abbrev  0x0000000000001702      0x254 Drivers/STM32F4xx_HAL_Driver/Src/stm32f4xx_hal_i2c.o
 .debug_abbrev  0x0000000000001956      0x16d Drivers/STM32F4xx_HAL_Driver/Src/stm32f4xx_hal_i2c_ex.o
 .debug_abbrev  0x0000000000001ac3      0x209 Drivers/STM32F4xx_HAL_Driver/Src/stm32f4xx_hal_ltdc.o
 .debug_abbrev  0x0000000000001ccc      0x245 Drivers/STM32F4xx_HAL_Driver/Src/stm32f4xx_hal_rcc.o
 .debug_abbrev  0x0000000000001f11      0x173 Drivers/STM32F4xx_HAL_Driver/Src/stm32f4xx_hal_rcc_ex.o
 .debug_abbrev  0x0000000000002084      0x1f7 Drivers/STM32F4xx_HAL_Driver/Src/stm32f4xx_hal_sdram.o
 .debug_abbrev  0x000000000000227b      0x240 Drivers/STM32F4xx_HAL_Driver/Src/stm32f4xx_hal_spi.o
 .debug_abbrev  0x00000000000024bb      0x230 Drivers/STM32F4xx_HAL_Driver/Src/stm32f4xx_hal_tim.o
 .debug_abbrev  0x00000000000026eb      0x21e Drivers/STM32F4xx_HAL_Driver/Src/stm32f4xx_hal_tim_ex.o
 .debug_abbrev  0x0000000000002909      0x242 Drivers/STM32F4xx_HAL_Driver/Src/stm32f4xx_hal_uart.o
 .debug_abbrev  0x0000000000002b4b      0x18c Drivers/STM32F4xx_HAL_Driver/Src/stm32f4xx_ll_fmc.o
 .debug_abbrev  0x0000000000002cd7      0x26d Drivers/STM32F4xx_HAL_Driver/Src/stm32f4xx_ll_usb.o
 .debug_abbrev  0x0000000000002f44      0x3db Middlewares/Third_Party/FreeRTOS/Source/CMSIS_RTOS_V2/cmsis_os2.o
 .debug_abbrev  0x000000000000331f      0x1cf Middlewares/Third_Party/FreeRTOS/Source/list.o
 .debug_abbrev  0x00000000000034ee      0x336 Middlewares/Third_Party/FreeRTOS/Source/queue.o
 .debug_abbrev  0x0000000000003824      0x361 Middlewares/Third_Party/FreeRTOS/Source/tasks.o
 .debug_abbrev  0x0000000000003b85      0x2d7 Middlewares/Third_Party/FreeRTOS/Source/timers.o
 .debug_abbrev  0x0000000000003e5c      0x210 Middlewares/Third_Party/FreeRTOS/Source/portable/GCC/ARM_CM4F/port.o
 .debug_abbrev  0x000000000000406c      0x2ba Middlewares/Third_Party/FreeRTOS/Source/portable/MemMang/heap_4.o

.debug_aranges  0x0000000000000000     0x1fe0
 .debug_aranges
                0x0000000000000000       0x30 Core/Src/freertos.o
 .debug_aranges
                0x0000000000000030       0xa0 Core/Src/main.o
 .debug_aranges
                0x00000000000000d0       0xc0 Core/Src/stm32f4xx_hal_msp.o
 .debug_aranges
                0x0000000000000190       0x30 Core/Src/stm32f4xx_hal_timebase_tim.o
 .debug_aranges
                0x00000000000001c0       0x68 Core/Src/stm32f4xx_it.o
 .debug_aranges
                0x0000000000000228       0x28 Core/Src/system_stm32f4xx.o
 .debug_aranges
                0x0000000000000250       0x28 Core/Startup/startup_stm32f429zitx.o
 .debug_aranges
                0x0000000000000278      0x100 Drivers/STM32F4xx_HAL_Driver/Src/stm32f4xx_hal.o
 .debug_aranges
                0x0000000000000378      0x118 Drivers/STM32F4xx_HAL_Driver/Src/stm32f4xx_hal_cortex.o
 .debug_aranges
                0x0000000000000490       0x50 Drivers/STM32F4xx_HAL_Driver/Src/stm32f4xx_hal_crc.o
 .debug_aranges
                0x00000000000004e0      0x118 Drivers/STM32F4xx_HAL_Driver/Src/stm32f4xx_hal_dma2d.o
 .debug_aranges
                0x00000000000005f8       0x58 Drivers/STM32F4xx_HAL_Driver/Src/stm32f4xx_hal_gpio.o
 .debug_aranges
                0x0000000000000650       0xf8 Drivers/STM32F4xx_HAL_Driver/Src/stm32f4xx_hal_hcd.o
 .debug_aranges
                0x0000000000000748      0x2a0 Drivers/STM32F4xx_HAL_Driver/Src/stm32f4xx_hal_i2c.o
 .debug_aranges
                0x00000000000009e8       0x28 Drivers/STM32F4xx_HAL_Driver/Src/stm32f4xx_hal_i2c_ex.o
 .debug_aranges
                0x0000000000000a10      0x158 Drivers/STM32F4xx_HAL_Driver/Src/stm32f4xx_hal_ltdc.o
 .debug_aranges
                0x0000000000000b68       0x88 Drivers/STM32F4xx_HAL_Driver/Src/stm32f4xx_hal_rcc.o
 .debug_aranges
                0x0000000000000bf0       0x58 Drivers/STM32F4xx_HAL_Driver/Src/stm32f4xx_hal_rcc_ex.o
 .debug_aranges
                0x0000000000000c48       0xd0 Drivers/STM32F4xx_HAL_Driver/Src/stm32f4xx_hal_sdram.o
 .debug_aranges
                0x0000000000000d18      0x1d0 Drivers/STM32F4xx_HAL_Driver/Src/stm32f4xx_hal_spi.o
 .debug_aranges
                0x0000000000000ee8      0x3a8 Drivers/STM32F4xx_HAL_Driver/Src/stm32f4xx_hal_tim.o
 .debug_aranges
                0x0000000000001290      0x150 Drivers/STM32F4xx_HAL_Driver/Src/stm32f4xx_hal_tim_ex.o
 .debug_aranges
                0x00000000000013e0      0x1d0 Drivers/STM32F4xx_HAL_Driver/Src/stm32f4xx_hal_uart.o
 .debug_aranges
                0x00000000000015b0       0xf0 Drivers/STM32F4xx_HAL_Driver/Src/stm32f4xx_ll_fmc.o
 .debug_aranges
                0x00000000000016a0      0x198 Drivers/STM32F4xx_HAL_Driver/Src/stm32f4xx_ll_usb.o
 .debug_aranges
                0x0000000000001838      0x240 Middlewares/Third_Party/FreeRTOS/Source/CMSIS_RTOS_V2/cmsis_os2.o
 .debug_aranges
                0x0000000000001a78       0x40 Middlewares/Third_Party/FreeRTOS/Source/list.o
 .debug_aranges
                0x0000000000001ab8      0x158 Middlewares/Third_Party/FreeRTOS/Source/queue.o
 .debug_aranges
                0x0000000000001c10      0x218 Middlewares/Third_Party/FreeRTOS/Source/tasks.o
 .debug_aranges
                0x0000000000001e28       0xe8 Middlewares/Third_Party/FreeRTOS/Source/timers.o
 .debug_aranges
                0x0000000000001f10       0x80 Middlewares/Third_Party/FreeRTOS/Source/portable/GCC/ARM_CM4F/port.o
 .debug_aranges
                0x0000000000001f90       0x50 Middlewares/Third_Party/FreeRTOS/Source/portable/MemMang/heap_4.o

.debug_ranges   0x0000000000000000     0x1e10
 .debug_ranges  0x0000000000000000       0x20 Core/Src/freertos.o
 .debug_ranges  0x0000000000000020       0x90 Core/Src/main.o
 .debug_ranges  0x00000000000000b0       0xb0 Core/Src/stm32f4xx_hal_msp.o
 .debug_ranges  0x0000000000000160       0x20 Core/Src/stm32f4xx_hal_timebase_tim.o
 .debug_ranges  0x0000000000000180       0x58 Core/Src/stm32f4xx_it.o
 .debug_ranges  0x00000000000001d8       0x18 Core/Src/system_stm32f4xx.o
 .debug_ranges  0x00000000000001f0       0x20 Core/Startup/startup_stm32f429zitx.o
 .debug_ranges  0x0000000000000210       0xf0 Drivers/STM32F4xx_HAL_Driver/Src/stm32f4xx_hal.o
 .debug_ranges  0x0000000000000300      0x108 Drivers/STM32F4xx_HAL_Driver/Src/stm32f4xx_hal_cortex.o
 .debug_ranges  0x0000000000000408       0x40 Drivers/STM32F4xx_HAL_Driver/Src/stm32f4xx_hal_crc.o
 .debug_ranges  0x0000000000000448      0x108 Drivers/STM32F4xx_HAL_Driver/Src/stm32f4xx_hal_dma2d.o
 .debug_ranges  0x0000000000000550       0x48 Drivers/STM32F4xx_HAL_Driver/Src/stm32f4xx_hal_gpio.o
 .debug_ranges  0x0000000000000598       0xe8 Drivers/STM32F4xx_HAL_Driver/Src/stm32f4xx_hal_hcd.o
 .debug_ranges  0x0000000000000680      0x2b8 Drivers/STM32F4xx_HAL_Driver/Src/stm32f4xx_hal_i2c.o
 .debug_ranges  0x0000000000000938       0x18 Drivers/STM32F4xx_HAL_Driver/Src/stm32f4xx_hal_i2c_ex.o
 .debug_ranges  0x0000000000000950      0x148 Drivers/STM32F4xx_HAL_Driver/Src/stm32f4xx_hal_ltdc.o
 .debug_ranges  0x0000000000000a98       0x78 Drivers/STM32F4xx_HAL_Driver/Src/stm32f4xx_hal_rcc.o
 .debug_ranges  0x0000000000000b10       0x48 Drivers/STM32F4xx_HAL_Driver/Src/stm32f4xx_hal_rcc_ex.o
 .debug_ranges  0x0000000000000b58       0xc0 Drivers/STM32F4xx_HAL_Driver/Src/stm32f4xx_hal_sdram.o
 .debug_ranges  0x0000000000000c18      0x1c0 Drivers/STM32F4xx_HAL_Driver/Src/stm32f4xx_hal_spi.o
 .debug_ranges  0x0000000000000dd8      0x398 Drivers/STM32F4xx_HAL_Driver/Src/stm32f4xx_hal_tim.o
 .debug_ranges  0x0000000000001170      0x140 Drivers/STM32F4xx_HAL_Driver/Src/stm32f4xx_hal_tim_ex.o
 .debug_ranges  0x00000000000012b0      0x1c0 Drivers/STM32F4xx_HAL_Driver/Src/stm32f4xx_hal_uart.o
 .debug_ranges  0x0000000000001470       0xe0 Drivers/STM32F4xx_HAL_Driver/Src/stm32f4xx_ll_fmc.o
 .debug_ranges  0x0000000000001550      0x188 Drivers/STM32F4xx_HAL_Driver/Src/stm32f4xx_ll_usb.o
 .debug_ranges  0x00000000000016d8      0x230 Middlewares/Third_Party/FreeRTOS/Source/CMSIS_RTOS_V2/cmsis_os2.o
 .debug_ranges  0x0000000000001908       0x30 Middlewares/Third_Party/FreeRTOS/Source/list.o
 .debug_ranges  0x0000000000001938      0x148 Middlewares/Third_Party/FreeRTOS/Source/queue.o
 .debug_ranges  0x0000000000001a80      0x208 Middlewares/Third_Party/FreeRTOS/Source/tasks.o
 .debug_ranges  0x0000000000001c88       0xd8 Middlewares/Third_Party/FreeRTOS/Source/timers.o
 .debug_ranges  0x0000000000001d60       0x70 Middlewares/Third_Party/FreeRTOS/Source/portable/GCC/ARM_CM4F/port.o
 .debug_ranges  0x0000000000001dd0       0x40 Middlewares/Third_Party/FreeRTOS/Source/portable/MemMang/heap_4.o

.debug_macro    0x0000000000000000    0x27f2f
 .debug_macro   0x0000000000000000      0x2ca Core/Src/freertos.o
 .debug_macro   0x00000000000002ca      0xa5a Core/Src/freertos.o
 .debug_macro   0x0000000000000d24      0x174 Core/Src/freertos.o
 .debug_macro   0x0000000000000e98       0x22 Core/Src/freertos.o
 .debug_macro   0x0000000000000eba       0x8e Core/Src/freertos.o
 .debug_macro   0x0000000000000f48       0x51 Core/Src/freertos.o
 .debug_macro   0x0000000000000f99       0xef Core/Src/freertos.o
 .debug_macro   0x0000000000001088       0x6a Core/Src/freertos.o
 .debug_macro   0x00000000000010f2      0x1df Core/Src/freertos.o
 .debug_macro   0x00000000000012d1      0x149 Core/Src/freertos.o
 .debug_macro   0x000000000000141a      0x15a Core/Src/freertos.o
 .debug_macro   0x0000000000001574       0xc9 Core/Src/freertos.o
 .debug_macro   0x000000000000163d       0x1c Core/Src/freertos.o
 .debug_macro   0x0000000000001659       0x26 Core/Src/freertos.o
 .debug_macro   0x000000000000167f      0x49b Core/Src/freertos.o
 .debug_macro   0x0000000000001b1a       0xb5 Core/Src/freertos.o
 .debug_macro   0x0000000000001bcf       0xaa Core/Src/freertos.o
 .debug_macro   0x0000000000001c79      0x2be Core/Src/freertos.o
 .debug_macro   0x0000000000001f37       0x2e Core/Src/freertos.o
 .debug_macro   0x0000000000001f65       0x28 Core/Src/freertos.o
 .debug_macro   0x0000000000001f8d       0x1c Core/Src/freertos.o
 .debug_macro   0x0000000000001fa9       0x22 Core/Src/freertos.o
 .debug_macro   0x0000000000001fcb       0xdf Core/Src/freertos.o
 .debug_macro   0x00000000000020aa     0x102d Core/Src/freertos.o
 .debug_macro   0x00000000000030d7      0x11f Core/Src/freertos.o
 .debug_macro   0x00000000000031f6    0x17f69 Core/Src/freertos.o
 .debug_macro   0x000000000001b15f       0x43 Core/Src/freertos.o
 .debug_macro   0x000000000001b1a2     0x36c9 Core/Src/freertos.o
 .debug_macro   0x000000000001e86b       0x5a Core/Src/freertos.o
 .debug_macro   0x000000000001e8c5      0xca5 Core/Src/freertos.o
 .debug_macro   0x000000000001f56a      0x9fe Core/Src/freertos.o
 .debug_macro   0x000000000001ff68      0x117 Core/Src/freertos.o
 .debug_macro   0x000000000002007f      0x157 Core/Src/freertos.o
 .debug_macro   0x00000000000201d6       0x27 Core/Src/freertos.o
 .debug_macro   0x00000000000201fd      0x182 Core/Src/freertos.o
 .debug_macro   0x000000000002037f      0x287 Core/Src/freertos.o
 .debug_macro   0x0000000000020606       0x5f Core/Src/freertos.o
 .debug_macro   0x0000000000020665      0x236 Core/Src/freertos.o
 .debug_macro   0x000000000002089b       0x22 Core/Src/freertos.o
 .debug_macro   0x00000000000208bd      0x20f Core/Src/freertos.o
 .debug_macro   0x0000000000020acc      0x132 Core/Src/freertos.o
 .debug_macro   0x0000000000020bfe      0x41d Core/Src/freertos.o
 .debug_macro   0x000000000002101b       0x2e Core/Src/freertos.o
 .debug_macro   0x0000000000021049      0x582 Core/Src/freertos.o
 .debug_macro   0x00000000000215cb      0x1b5 Core/Src/freertos.o
 .debug_macro   0x0000000000021780       0x22 Core/Src/freertos.o
 .debug_macro   0x00000000000217a2       0xd6 Core/Src/freertos.o
 .debug_macro   0x0000000000021878      0x198 Core/Src/freertos.o
 .debug_macro   0x0000000000021a10       0xd6 Core/Src/freertos.o
 .debug_macro   0x0000000000021ae6      0x11a Core/Src/freertos.o
 .debug_macro   0x0000000000021c00       0xe2 Core/Src/freertos.o
 .debug_macro   0x0000000000021ce2       0x89 Core/Src/freertos.o
 .debug_macro   0x0000000000021d6b      0x225 Core/Src/freertos.o
 .debug_macro   0x0000000000021f90      0x8a0 Core/Src/freertos.o
 .debug_macro   0x0000000000022830       0x47 Core/Src/freertos.o
 .debug_macro   0x0000000000022877      0x287 Core/Src/freertos.o
 .debug_macro   0x0000000000022afe      0x21e Core/Src/freertos.o
 .debug_macro   0x0000000000022d1c       0x68 Core/Src/freertos.o
 .debug_macro   0x0000000000022d84      0x134 Core/Src/freertos.o
 .debug_macro   0x0000000000022eb8      0x4c9 Core/Src/freertos.o
 .debug_macro   0x0000000000023381      0x2f8 Core/Src/main.o
 .debug_macro   0x0000000000023679      0x149 Core/Src/main.o
 .debug_macro   0x00000000000237c2       0x66 Core/Src/main.o
 .debug_macro   0x0000000000023828       0x74 Core/Src/main.o
 .debug_macro   0x000000000002389c       0xdd Core/Src/main.o
 .debug_macro   0x0000000000023979      0x262 Core/Src/stm32f4xx_hal_msp.o
 .debug_macro   0x0000000000023bdb      0x253 Core/Src/stm32f4xx_hal_timebase_tim.o
 .debug_macro   0x0000000000023e2e      0x26c Core/Src/stm32f4xx_it.o
 .debug_macro   0x000000000002409a      0x259 Core/Src/system_stm32f4xx.o
 .debug_macro   0x00000000000242f3      0x2b3 Drivers/STM32F4xx_HAL_Driver/Src/stm32f4xx_hal.o
 .debug_macro   0x00000000000245a6      0x253 Drivers/STM32F4xx_HAL_Driver/Src/stm32f4xx_hal_cortex.o
 .debug_macro   0x00000000000247f9      0x253 Drivers/STM32F4xx_HAL_Driver/Src/stm32f4xx_hal_crc.o
 .debug_macro   0x0000000000024a4c      0x262 Drivers/STM32F4xx_HAL_Driver/Src/stm32f4xx_hal_dma2d.o
 .debug_macro   0x0000000000024cae      0x289 Drivers/STM32F4xx_HAL_Driver/Src/stm32f4xx_hal_gpio.o
 .debug_macro   0x0000000000024f37      0x253 Drivers/STM32F4xx_HAL_Driver/Src/stm32f4xx_hal_hcd.o
 .debug_macro   0x000000000002518a      0x29a Drivers/STM32F4xx_HAL_Driver/Src/stm32f4xx_hal_i2c.o
 .debug_macro   0x0000000000025424      0x253 Drivers/STM32F4xx_HAL_Driver/Src/stm32f4xx_hal_i2c_ex.o
 .debug_macro   0x0000000000025677      0x254 Drivers/STM32F4xx_HAL_Driver/Src/stm32f4xx_hal_ltdc.o
 .debug_macro   0x00000000000258cb      0x277 Drivers/STM32F4xx_HAL_Driver/Src/stm32f4xx_hal_rcc.o
 .debug_macro   0x0000000000025b42      0x253 Drivers/STM32F4xx_HAL_Driver/Src/stm32f4xx_hal_rcc_ex.o
 .debug_macro   0x0000000000025d95      0x253 Drivers/STM32F4xx_HAL_Driver/Src/stm32f4xx_hal_sdram.o
 .debug_macro   0x0000000000025fe8      0x262 Drivers/STM32F4xx_HAL_Driver/Src/stm32f4xx_hal_spi.o
 .debug_macro   0x000000000002624a      0x254 Drivers/STM32F4xx_HAL_Driver/Src/stm32f4xx_hal_tim.o
 .debug_macro   0x000000000002649e      0x253 Drivers/STM32F4xx_HAL_Driver/Src/stm32f4xx_hal_tim_ex.o
 .debug_macro   0x00000000000266f1      0x254 Drivers/STM32F4xx_HAL_Driver/Src/stm32f4xx_hal_uart.o
 .debug_macro   0x0000000000026945      0x253 Drivers/STM32F4xx_HAL_Driver/Src/stm32f4xx_ll_fmc.o
 .debug_macro   0x0000000000026b98      0x253 Drivers/STM32F4xx_HAL_Driver/Src/stm32f4xx_ll_usb.o
 .debug_macro   0x0000000000026deb      0x23a Middlewares/Third_Party/FreeRTOS/Source/CMSIS_RTOS_V2/cmsis_os2.o
 .debug_macro   0x0000000000027025       0x10 Middlewares/Third_Party/FreeRTOS/Source/CMSIS_RTOS_V2/cmsis_os2.o
 .debug_macro   0x0000000000027035       0x20 Middlewares/Third_Party/FreeRTOS/Source/CMSIS_RTOS_V2/cmsis_os2.o
 .debug_macro   0x0000000000027055       0x10 Middlewares/Third_Party/FreeRTOS/Source/CMSIS_RTOS_V2/cmsis_os2.o
 .debug_macro   0x0000000000027065       0xd3 Middlewares/Third_Party/FreeRTOS/Source/CMSIS_RTOS_V2/cmsis_os2.o
 .debug_macro   0x0000000000027138       0x91 Middlewares/Third_Party/FreeRTOS/Source/CMSIS_RTOS_V2/cmsis_os2.o
 .debug_macro   0x00000000000271c9       0x8d Middlewares/Third_Party/FreeRTOS/Source/CMSIS_RTOS_V2/cmsis_os2.o
 .debug_macro   0x0000000000027256       0x9a Middlewares/Third_Party/FreeRTOS/Source/CMSIS_RTOS_V2/cmsis_os2.o
 .debug_macro   0x00000000000272f0      0x17a Middlewares/Third_Party/FreeRTOS/Source/list.o
 .debug_macro   0x000000000002746a      0x209 Middlewares/Third_Party/FreeRTOS/Source/queue.o