main.c:111:5:main	8	static
main.c:198:6:SystemClock_Config	136	static
main.c:251:13:MX_CRC_Init	8	static
main.c:277:13:MX_DMA2D_Init	8	static
main.c:314:13:MX_I2C3_Init	8	static
main.c:360:13:MX_LTDC_Init	112	static
main.c:441:13:MX_SPI5_Init	8	static
main.c:479:13:MX_TIM1_Init	32	static
main.c:525:13:MX_UART5_Init	8	static
main.c:558:13:MX_USART1_UART_Init	8	static
main.c:591:13:MX_USB_OTG_HS_HCD_Init	8	static
main.c:621:13:MX_FMC_Init	40	static
main.c:672:13:MX_GPIO_Init	64	static
main.c:763:6:StartDefaultTask_LED	16	static
main.c:782:6:StartTask_UART_Tx	16	static
main.c:803:6:HAL_TIM_PeriodElapsedCallback	16	static
main.c:820:6:Error_Handler	8	static
